[2023-09-16T16:29:14.551+0800][gc] Using G1
[2023-09-16T16:29:14.552+0800][gc,init] Version: 17.0.8+7 (release)
[2023-09-16T16:29:14.552+0800][gc,init] CPUs: 8 total, 8 available
[2023-09-16T16:29:14.552+0800][gc,init] Memory: 16384M
[2023-09-16T16:29:14.552+0800][gc,init] Large Page Support: Disabled
[2023-09-16T16:29:14.552+0800][gc,init] NUMA Support: Disabled
[2023-09-16T16:29:14.552+0800][gc,init] Compressed Oops: Enabled (Zero based)
[2023-09-16T16:29:14.552+0800][gc,init] Heap Region Size: 1M
[2023-09-16T16:29:14.552+0800][gc,init] Heap Min Capacity: 512M
[2023-09-16T16:29:14.552+0800][gc,init] Heap Initial Capacity: 512M
[2023-09-16T16:29:14.552+0800][gc,init] Heap Max Capacity: 512M
[2023-09-16T16:29:14.552+0800][gc,init] Pre-touch: Disabled
[2023-09-16T16:29:14.552+0800][gc,init] Parallel Workers: 8
[2023-09-16T16:29:14.552+0800][gc,init] Concurrent Workers: 2
[2023-09-16T16:29:14.552+0800][gc,init] Concurrent Refinement Workers: 8
[2023-09-16T16:29:14.552+0800][gc,init] Periodic GC: Disabled
[2023-09-16T16:29:14.552+0800][gc,metaspace] CDS archive(s) not mapped
[2023-09-16T16:29:14.552+0800][gc,metaspace] Compressed class space mapped at: 0x0000000800000000-0x0000000840000000, reserved size: 1073741824
[2023-09-16T16:29:14.552+0800][gc,metaspace] Narrow klass base: 0x0000000800000000, Narrow klass shift: 0, Narrow klass range: 0x40000000
[2023-09-16T16:29:15.242+0800][gc,start    ] GC(0) Pause Young (Concurrent Start) (Metadata GC Threshold)
[2023-09-16T16:29:15.242+0800][gc,task     ] GC(0) Using 8 workers of 8 for evacuation
[2023-09-16T16:29:15.245+0800][gc,phases   ] GC(0)   Pre Evacuate Collection Set: 0.0ms
[2023-09-16T16:29:15.245+0800][gc,phases   ] GC(0)   Merge Heap Roots: 0.2ms
[2023-09-16T16:29:15.245+0800][gc,phases   ] GC(0)   Evacuate Collection Set: 2.5ms
[2023-09-16T16:29:15.245+0800][gc,phases   ] GC(0)   Post Evacuate Collection Set: 0.3ms
[2023-09-16T16:29:15.245+0800][gc,phases   ] GC(0)   Other: 0.3ms
[2023-09-16T16:29:15.245+0800][gc,heap     ] GC(0) Eden regions: 164->0(250)
[2023-09-16T16:29:15.245+0800][gc,heap     ] GC(0) Survivor regions: 0->6(32)
[2023-09-16T16:29:15.245+0800][gc,heap     ] GC(0) Old regions: 0->0
[2023-09-16T16:29:15.245+0800][gc,heap     ] GC(0) Archive regions: 0->0
[2023-09-16T16:29:15.245+0800][gc,heap     ] GC(0) Humongous regions: 0->0
[2023-09-16T16:29:15.245+0800][gc,metaspace] GC(0) Metaspace: 21366K(21504K)->21366K(21504K) NonClass: 19080K(19136K)->19080K(19136K) Class: 2286K(2368K)->2286K(2368K)
[2023-09-16T16:29:15.245+0800][gc          ] GC(0) Pause Young (Concurrent Start) (Metadata GC Threshold) 164M->5M(512M) 3.324ms
[2023-09-16T16:29:15.245+0800][gc,cpu      ] GC(0) User=0.02s Sys=0.00s Real=0.00s
[2023-09-16T16:29:15.245+0800][gc          ] GC(1) Concurrent Mark Cycle
[2023-09-16T16:29:15.245+0800][gc,marking  ] GC(1) Concurrent Clear Claimed Marks
[2023-09-16T16:29:15.245+0800][gc,marking  ] GC(1) Concurrent Clear Claimed Marks 0.013ms
[2023-09-16T16:29:15.245+0800][gc,marking  ] GC(1) Concurrent Scan Root Regions
[2023-09-16T16:29:15.247+0800][gc,marking  ] GC(1) Concurrent Scan Root Regions 1.864ms
[2023-09-16T16:29:15.247+0800][gc,marking  ] GC(1) Concurrent Mark
[2023-09-16T16:29:15.247+0800][gc,marking  ] GC(1) Concurrent Mark From Roots
[2023-09-16T16:29:15.247+0800][gc,task     ] GC(1) Using 2 workers of 2 for marking
[2023-09-16T16:29:15.247+0800][gc,marking  ] GC(1) Concurrent Mark From Roots 0.055ms
[2023-09-16T16:29:15.247+0800][gc,marking  ] GC(1) Concurrent Preclean
[2023-09-16T16:29:15.247+0800][gc,marking  ] GC(1) Concurrent Preclean 0.015ms
[2023-09-16T16:29:15.247+0800][gc,start    ] GC(1) Pause Remark
[2023-09-16T16:29:15.248+0800][gc          ] GC(1) Pause Remark 6M->6M(512M) 0.652ms
[2023-09-16T16:29:15.248+0800][gc,cpu      ] GC(1) User=0.00s Sys=0.00s Real=0.00s
[2023-09-16T16:29:15.248+0800][gc,marking  ] GC(1) Concurrent Mark 0.944ms
[2023-09-16T16:29:15.248+0800][gc,marking  ] GC(1) Concurrent Rebuild Remembered Sets
[2023-09-16T16:29:15.248+0800][gc,marking  ] GC(1) Concurrent Rebuild Remembered Sets 0.005ms
[2023-09-16T16:29:15.248+0800][gc,start    ] GC(1) Pause Cleanup
[2023-09-16T16:29:15.248+0800][gc          ] GC(1) Pause Cleanup 6M->6M(512M) 0.021ms
[2023-09-16T16:29:15.248+0800][gc,cpu      ] GC(1) User=0.00s Sys=0.00s Real=0.00s
[2023-09-16T16:29:15.248+0800][gc,marking  ] GC(1) Concurrent Cleanup for Next Mark
[2023-09-16T16:29:15.249+0800][gc,marking  ] GC(1) Concurrent Cleanup for Next Mark 0.650ms
[2023-09-16T16:29:15.249+0800][gc          ] GC(1) Concurrent Mark Cycle 3.641ms
[2023-09-16T16:29:15.693+0800][gc,start    ] GC(2) Pause Young (Normal) (G1 Evacuation Pause)
[2023-09-16T16:29:15.693+0800][gc,task     ] GC(2) Using 8 workers of 8 for evacuation
[2023-09-16T16:29:15.698+0800][gc,phases   ] GC(2)   Pre Evacuate Collection Set: 0.1ms
[2023-09-16T16:29:15.699+0800][gc,phases   ] GC(2)   Merge Heap Roots: 0.1ms
[2023-09-16T16:29:15.699+0800][gc,phases   ] GC(2)   Evacuate Collection Set: 4.5ms
[2023-09-16T16:29:15.699+0800][gc,phases   ] GC(2)   Post Evacuate Collection Set: 0.4ms
[2023-09-16T16:29:15.699+0800][gc,phases   ] GC(2)   Other: 0.1ms
[2023-09-16T16:29:15.699+0800][gc,heap     ] GC(2) Eden regions: 250->0(246)
[2023-09-16T16:29:15.699+0800][gc,heap     ] GC(2) Survivor regions: 6->10(32)
[2023-09-16T16:29:15.699+0800][gc,heap     ] GC(2) Old regions: 0->0
[2023-09-16T16:29:15.699+0800][gc,heap     ] GC(2) Archive regions: 0->0
[2023-09-16T16:29:15.699+0800][gc,heap     ] GC(2) Humongous regions: 0->0
[2023-09-16T16:29:15.699+0800][gc,metaspace] GC(2) Metaspace: 29849K(30080K)->29849K(30080K) NonClass: 26452K(26560K)->26452K(26560K) Class: 3397K(3520K)->3397K(3520K)
[2023-09-16T16:29:15.699+0800][gc          ] GC(2) Pause Young (Normal) (G1 Evacuation Pause) 255M->9M(512M) 5.164ms
[2023-09-16T16:29:15.699+0800][gc,cpu      ] GC(2) User=0.04s Sys=0.00s Real=0.00s
[2023-09-16T16:29:16.109+0800][gc,start    ] GC(3) Pause Young (Normal) (G1 Evacuation Pause)
[2023-09-16T16:29:16.109+0800][gc,task     ] GC(3) Using 8 workers of 8 for evacuation
[2023-09-16T16:29:16.114+0800][gc,phases   ] GC(3)   Pre Evacuate Collection Set: 0.1ms
[2023-09-16T16:29:16.114+0800][gc,phases   ] GC(3)   Merge Heap Roots: 0.0ms
[2023-09-16T16:29:16.114+0800][gc,phases   ] GC(3)   Evacuate Collection Set: 4.5ms
[2023-09-16T16:29:16.114+0800][gc,phases   ] GC(3)   Post Evacuate Collection Set: 0.5ms
[2023-09-16T16:29:16.114+0800][gc,phases   ] GC(3)   Other: 0.1ms
[2023-09-16T16:29:16.114+0800][gc,heap     ] GC(3) Eden regions: 246->0(242)
[2023-09-16T16:29:16.114+0800][gc,heap     ] GC(3) Survivor regions: 10->14(32)
[2023-09-16T16:29:16.114+0800][gc,heap     ] GC(3) Old regions: 0->0
[2023-09-16T16:29:16.114+0800][gc,heap     ] GC(3) Archive regions: 0->0
[2023-09-16T16:29:16.114+0800][gc,heap     ] GC(3) Humongous regions: 0->0
[2023-09-16T16:29:16.114+0800][gc,metaspace] GC(3) Metaspace: 32458K(32768K)->32458K(32768K) NonClass: 28793K(28928K)->28793K(28928K) Class: 3664K(3840K)->3664K(3840K)
[2023-09-16T16:29:16.114+0800][gc          ] GC(3) Pause Young (Normal) (G1 Evacuation Pause) 255M->13M(512M) 5.334ms
[2023-09-16T16:29:16.114+0800][gc,cpu      ] GC(3) User=0.03s Sys=0.00s Real=0.01s
[2023-09-16T16:29:16.516+0800][gc,start    ] GC(4) Pause Young (Concurrent Start) (Metadata GC Threshold)
[2023-09-16T16:29:16.516+0800][gc,task     ] GC(4) Using 8 workers of 8 for evacuation
[2023-09-16T16:29:16.521+0800][gc,phases   ] GC(4)   Pre Evacuate Collection Set: 0.1ms
[2023-09-16T16:29:16.521+0800][gc,phases   ] GC(4)   Merge Heap Roots: 0.1ms
[2023-09-16T16:29:16.522+0800][gc,phases   ] GC(4)   Evacuate Collection Set: 4.9ms
[2023-09-16T16:29:16.522+0800][gc,phases   ] GC(4)   Post Evacuate Collection Set: 0.5ms
[2023-09-16T16:29:16.522+0800][gc,phases   ] GC(4)   Other: 0.1ms
[2023-09-16T16:29:16.522+0800][gc,heap     ] GC(4) Eden regions: 189->0(239)
[2023-09-16T16:29:16.522+0800][gc,heap     ] GC(4) Survivor regions: 14->17(32)
[2023-09-16T16:29:16.522+0800][gc,heap     ] GC(4) Old regions: 0->0
[2023-09-16T16:29:16.522+0800][gc,heap     ] GC(4) Archive regions: 0->0
[2023-09-16T16:29:16.522+0800][gc,heap     ] GC(4) Humongous regions: 0->0
[2023-09-16T16:29:16.522+0800][gc,metaspace] GC(4) Metaspace: 35628K(35968K)->35628K(35968K) NonClass: 31493K(31680K)->31493K(31680K) Class: 4135K(4288K)->4135K(4288K)
[2023-09-16T16:29:16.522+0800][gc          ] GC(4) Pause Young (Concurrent Start) (Metadata GC Threshold) 202M->16M(512M) 5.628ms
[2023-09-16T16:29:16.522+0800][gc,cpu      ] GC(4) User=0.04s Sys=0.01s Real=0.01s
[2023-09-16T16:29:16.522+0800][gc          ] GC(5) Concurrent Mark Cycle
[2023-09-16T16:29:16.522+0800][gc,marking  ] GC(5) Concurrent Clear Claimed Marks
[2023-09-16T16:29:16.522+0800][gc,marking  ] GC(5) Concurrent Clear Claimed Marks 0.021ms
[2023-09-16T16:29:16.522+0800][gc,marking  ] GC(5) Concurrent Scan Root Regions
[2023-09-16T16:29:16.525+0800][gc,marking  ] GC(5) Concurrent Scan Root Regions 3.172ms
[2023-09-16T16:29:16.525+0800][gc,marking  ] GC(5) Concurrent Mark
[2023-09-16T16:29:16.525+0800][gc,marking  ] GC(5) Concurrent Mark From Roots
[2023-09-16T16:29:16.525+0800][gc,task     ] GC(5) Using 2 workers of 2 for marking
[2023-09-16T16:29:16.525+0800][gc,marking  ] GC(5) Concurrent Mark From Roots 0.138ms
[2023-09-16T16:29:16.525+0800][gc,marking  ] GC(5) Concurrent Preclean
[2023-09-16T16:29:16.525+0800][gc,marking  ] GC(5) Concurrent Preclean 0.012ms
[2023-09-16T16:29:16.525+0800][gc,start    ] GC(5) Pause Remark
[2023-09-16T16:29:16.526+0800][gc          ] GC(5) Pause Remark 17M->17M(512M) 0.985ms
[2023-09-16T16:29:16.526+0800][gc,cpu      ] GC(5) User=0.01s Sys=0.00s Real=0.00s
[2023-09-16T16:29:16.526+0800][gc,marking  ] GC(5) Concurrent Mark 1.344ms
[2023-09-16T16:29:16.526+0800][gc,marking  ] GC(5) Concurrent Rebuild Remembered Sets
[2023-09-16T16:29:16.526+0800][gc,marking  ] GC(5) Concurrent Rebuild Remembered Sets 0.004ms
[2023-09-16T16:29:16.526+0800][gc,start    ] GC(5) Pause Cleanup
[2023-09-16T16:29:16.526+0800][gc          ] GC(5) Pause Cleanup 17M->17M(512M) 0.005ms
[2023-09-16T16:29:16.526+0800][gc,cpu      ] GC(5) User=0.00s Sys=0.00s Real=0.00s
[2023-09-16T16:29:16.526+0800][gc,marking  ] GC(5) Concurrent Cleanup for Next Mark
[2023-09-16T16:29:16.527+0800][gc,marking  ] GC(5) Concurrent Cleanup for Next Mark 0.714ms
[2023-09-16T16:29:16.527+0800][gc          ] GC(5) Concurrent Mark Cycle 5.462ms
[2023-09-16T16:29:17.314+0800][gc,start    ] GC(6) Pause Young (Normal) (G1 Evacuation Pause)
[2023-09-16T16:29:17.314+0800][gc,task     ] GC(6) Using 8 workers of 8 for evacuation
[2023-09-16T16:29:17.323+0800][gc,phases   ] GC(6)   Pre Evacuate Collection Set: 0.1ms
[2023-09-16T16:29:17.323+0800][gc,phases   ] GC(6)   Merge Heap Roots: 0.1ms
[2023-09-16T16:29:17.323+0800][gc,phases   ] GC(6)   Evacuate Collection Set: 7.6ms
[2023-09-16T16:29:17.323+0800][gc,phases   ] GC(6)   Post Evacuate Collection Set: 0.9ms
[2023-09-16T16:29:17.323+0800][gc,phases   ] GC(6)   Other: 0.1ms
[2023-09-16T16:29:17.323+0800][gc,heap     ] GC(6) Eden regions: 239->0(234)
[2023-09-16T16:29:17.323+0800][gc,heap     ] GC(6) Survivor regions: 17->22(32)
[2023-09-16T16:29:17.323+0800][gc,heap     ] GC(6) Old regions: 0->0
[2023-09-16T16:29:17.323+0800][gc,heap     ] GC(6) Archive regions: 0->0
[2023-09-16T16:29:17.323+0800][gc,heap     ] GC(6) Humongous regions: 0->0
[2023-09-16T16:29:17.323+0800][gc,metaspace] GC(6) Metaspace: 45059K(45376K)->45059K(45376K) NonClass: 39829K(40000K)->39829K(40000K) Class: 5230K(5376K)->5230K(5376K)
[2023-09-16T16:29:17.323+0800][gc          ] GC(6) Pause Young (Normal) (G1 Evacuation Pause) 255M->22M(512M) 8.837ms
[2023-09-16T16:29:17.323+0800][gc,cpu      ] GC(6) User=0.06s Sys=0.00s Real=0.01s
[2023-09-16T16:29:18.358+0800][gc,start    ] GC(7) Pause Young (Concurrent Start) (Metadata GC Threshold)
[2023-09-16T16:29:18.358+0800][gc,task     ] GC(7) Using 8 workers of 8 for evacuation
[2023-09-16T16:29:18.370+0800][gc,phases   ] GC(7)   Pre Evacuate Collection Set: 0.1ms
[2023-09-16T16:29:18.370+0800][gc,phases   ] GC(7)   Merge Heap Roots: 0.0ms
[2023-09-16T16:29:18.370+0800][gc,phases   ] GC(7)   Evacuate Collection Set: 10.5ms
[2023-09-16T16:29:18.370+0800][gc,phases   ] GC(7)   Post Evacuate Collection Set: 1.3ms
[2023-09-16T16:29:18.370+0800][gc,phases   ] GC(7)   Other: 0.1ms
[2023-09-16T16:29:18.370+0800][gc,heap     ] GC(7) Eden regions: 233->0(230)
[2023-09-16T16:29:18.370+0800][gc,heap     ] GC(7) Survivor regions: 22->26(32)
[2023-09-16T16:29:18.370+0800][gc,heap     ] GC(7) Old regions: 0->6
[2023-09-16T16:29:18.370+0800][gc,heap     ] GC(7) Archive regions: 0->0
[2023-09-16T16:29:18.370+0800][gc,heap     ] GC(7) Humongous regions: 5->5
[2023-09-16T16:29:18.370+0800][gc,metaspace] GC(7) Metaspace: 59760K(60160K)->59760K(60160K) NonClass: 52747K(52928K)->52747K(52928K) Class: 7012K(7232K)->7012K(7232K)
[2023-09-16T16:29:18.370+0800][gc          ] GC(7) Pause Young (Concurrent Start) (Metadata GC Threshold) 260M->36M(512M) 12.134ms
[2023-09-16T16:29:18.370+0800][gc,cpu      ] GC(7) User=0.08s Sys=0.01s Real=0.02s
[2023-09-16T16:29:18.370+0800][gc          ] GC(8) Concurrent Mark Cycle
[2023-09-16T16:29:18.370+0800][gc,marking  ] GC(8) Concurrent Clear Claimed Marks
[2023-09-16T16:29:18.370+0800][gc,marking  ] GC(8) Concurrent Clear Claimed Marks 0.032ms
[2023-09-16T16:29:18.370+0800][gc,marking  ] GC(8) Concurrent Scan Root Regions
[2023-09-16T16:29:18.376+0800][gc,marking  ] GC(8) Concurrent Scan Root Regions 6.296ms
[2023-09-16T16:29:18.376+0800][gc,marking  ] GC(8) Concurrent Mark
[2023-09-16T16:29:18.376+0800][gc,marking  ] GC(8) Concurrent Mark From Roots
[2023-09-16T16:29:18.376+0800][gc,task     ] GC(8) Using 2 workers of 2 for marking
[2023-09-16T16:29:18.378+0800][gc,marking  ] GC(8) Concurrent Mark From Roots 1.400ms
[2023-09-16T16:29:18.378+0800][gc,marking  ] GC(8) Concurrent Preclean
[2023-09-16T16:29:18.378+0800][gc,marking  ] GC(8) Concurrent Preclean 0.015ms
[2023-09-16T16:29:18.378+0800][gc,start    ] GC(8) Pause Remark
[2023-09-16T16:29:18.379+0800][gc          ] GC(8) Pause Remark 38M->38M(512M) 1.663ms
[2023-09-16T16:29:18.379+0800][gc,cpu      ] GC(8) User=0.02s Sys=0.01s Real=0.00s
[2023-09-16T16:29:18.380+0800][gc,marking  ] GC(8) Concurrent Mark 3.371ms
[2023-09-16T16:29:18.380+0800][gc,marking  ] GC(8) Concurrent Rebuild Remembered Sets
[2023-09-16T16:29:18.383+0800][gc,marking  ] GC(8) Concurrent Rebuild Remembered Sets 3.000ms
[2023-09-16T16:29:18.383+0800][gc,start    ] GC(8) Pause Cleanup
[2023-09-16T16:29:18.383+0800][gc          ] GC(8) Pause Cleanup 38M->38M(512M) 0.056ms
[2023-09-16T16:29:18.383+0800][gc,cpu      ] GC(8) User=0.00s Sys=0.00s Real=0.00s
[2023-09-16T16:29:18.383+0800][gc,marking  ] GC(8) Concurrent Cleanup for Next Mark
[2023-09-16T16:29:18.383+0800][gc,marking  ] GC(8) Concurrent Cleanup for Next Mark 0.469ms
[2023-09-16T16:29:18.383+0800][gc          ] GC(8) Concurrent Mark Cycle 13.642ms
[2023-09-16T16:29:19.099+0800][gc,start    ] GC(9) Pause Young (Normal) (G1 Evacuation Pause)
[2023-09-16T16:29:19.099+0800][gc,task     ] GC(9) Using 8 workers of 8 for evacuation
[2023-09-16T16:29:19.109+0800][gc,phases   ] GC(9)   Pre Evacuate Collection Set: 0.2ms
[2023-09-16T16:29:19.109+0800][gc,phases   ] GC(9)   Merge Heap Roots: 0.1ms
[2023-09-16T16:29:19.109+0800][gc,phases   ] GC(9)   Evacuate Collection Set: 8.1ms
[2023-09-16T16:29:19.109+0800][gc,phases   ] GC(9)   Post Evacuate Collection Set: 0.8ms
[2023-09-16T16:29:19.109+0800][gc,phases   ] GC(9)   Other: 0.2ms
[2023-09-16T16:29:19.109+0800][gc,heap     ] GC(9) Eden regions: 230->0(234)
[2023-09-16T16:29:19.109+0800][gc,heap     ] GC(9) Survivor regions: 26->22(32)
[2023-09-16T16:29:19.109+0800][gc,heap     ] GC(9) Old regions: 6->16
[2023-09-16T16:29:19.109+0800][gc,heap     ] GC(9) Archive regions: 0->0
[2023-09-16T16:29:19.109+0800][gc,heap     ] GC(9) Humongous regions: 5->5
[2023-09-16T16:29:19.109+0800][gc,metaspace] GC(9) Metaspace: 68423K(68992K)->68423K(68992K) NonClass: 60196K(60480K)->60196K(60480K) Class: 8226K(8512K)->8226K(8512K)
[2023-09-16T16:29:19.109+0800][gc          ] GC(9) Pause Young (Normal) (G1 Evacuation Pause) 266M->42M(512M) 9.311ms
[2023-09-16T16:29:19.109+0800][gc,cpu      ] GC(9) User=0.06s Sys=0.00s Real=0.01s
[2023-09-16T16:44:45.816+0800][gc,start    ] GC(10) Pause Young (Normal) (G1 Evacuation Pause)
[2023-09-16T16:44:45.816+0800][gc,task     ] GC(10) Using 8 workers of 8 for evacuation
[2023-09-16T16:44:45.844+0800][gc,phases   ] GC(10)   Pre Evacuate Collection Set: 0.3ms
[2023-09-16T16:44:45.844+0800][gc,phases   ] GC(10)   Merge Heap Roots: 0.1ms
[2023-09-16T16:44:45.844+0800][gc,phases   ] GC(10)   Evacuate Collection Set: 26.6ms
[2023-09-16T16:44:45.844+0800][gc,phases   ] GC(10)   Post Evacuate Collection Set: 1.4ms
[2023-09-16T16:44:45.844+0800][gc,phases   ] GC(10)   Other: 0.4ms
[2023-09-16T16:44:45.844+0800][gc,heap     ] GC(10) Eden regions: 234->0(237)
[2023-09-16T16:44:45.844+0800][gc,heap     ] GC(10) Survivor regions: 22->19(32)
[2023-09-16T16:44:45.844+0800][gc,heap     ] GC(10) Old regions: 16->21
[2023-09-16T16:44:45.844+0800][gc,heap     ] GC(10) Archive regions: 0->0
[2023-09-16T16:44:45.844+0800][gc,heap     ] GC(10) Humongous regions: 9->9
[2023-09-16T16:44:45.844+0800][gc,metaspace] GC(10) Metaspace: 76089K(76608K)->76089K(76608K) NonClass: 67202K(67456K)->67202K(67456K) Class: 8886K(9152K)->8886K(9152K)
[2023-09-16T16:44:45.844+0800][gc          ] GC(10) Pause Young (Normal) (G1 Evacuation Pause) 280M->47M(512M) 28.774ms
[2023-09-16T16:44:45.844+0800][gc,cpu      ] GC(10) User=0.09s Sys=0.03s Real=0.03s
[2023-09-16T17:10:27.100+0800][gc,start    ] GC(11) Pause Young (Normal) (G1 Evacuation Pause)
[2023-09-16T17:10:27.101+0800][gc,task     ] GC(11) Using 8 workers of 8 for evacuation
[2023-09-16T17:10:27.120+0800][gc,phases   ] GC(11)   Pre Evacuate Collection Set: 0.3ms
[2023-09-16T17:10:27.120+0800][gc,phases   ] GC(11)   Merge Heap Roots: 0.2ms
[2023-09-16T17:10:27.120+0800][gc,phases   ] GC(11)   Evacuate Collection Set: 17.6ms
[2023-09-16T17:10:27.120+0800][gc,phases   ] GC(11)   Post Evacuate Collection Set: 1.6ms
[2023-09-16T17:10:27.120+0800][gc,phases   ] GC(11)   Other: 1.2ms
[2023-09-16T17:10:27.120+0800][gc,heap     ] GC(11) Eden regions: 237->0(246)
[2023-09-16T17:10:27.120+0800][gc,heap     ] GC(11) Survivor regions: 19->10(32)
[2023-09-16T17:10:27.120+0800][gc,heap     ] GC(11) Old regions: 21->29
[2023-09-16T17:10:27.121+0800][gc,heap     ] GC(11) Archive regions: 0->0
[2023-09-16T17:10:27.121+0800][gc,heap     ] GC(11) Humongous regions: 11->11
[2023-09-16T17:10:27.121+0800][gc,metaspace] GC(11) Metaspace: 76373K(76928K)->76373K(76928K) NonClass: 67484K(67776K)->67484K(67776K) Class: 8888K(9152K)->8888K(9152K)
[2023-09-16T17:10:27.121+0800][gc          ] GC(11) Pause Young (Normal) (G1 Evacuation Pause) 286M->49M(512M) 20.899ms
[2023-09-16T17:10:27.121+0800][gc,cpu      ] GC(11) User=0.07s Sys=0.01s Real=0.02s
[2023-09-16T17:37:22.838+0800][gc,start    ] GC(12) Pause Young (Normal) (G1 Evacuation Pause)
[2023-09-16T17:37:22.839+0800][gc,task     ] GC(12) Using 8 workers of 8 for evacuation
[2023-09-16T17:37:22.852+0800][gc,phases   ] GC(12)   Pre Evacuate Collection Set: 0.5ms
[2023-09-16T17:37:22.852+0800][gc,phases   ] GC(12)   Merge Heap Roots: 0.3ms
[2023-09-16T17:37:22.852+0800][gc,phases   ] GC(12)   Evacuate Collection Set: 10.8ms
[2023-09-16T17:37:22.852+0800][gc,phases   ] GC(12)   Post Evacuate Collection Set: 1.1ms
[2023-09-16T17:37:22.852+0800][gc,phases   ] GC(12)   Other: 1.3ms
[2023-09-16T17:37:22.852+0800][gc,heap     ] GC(12) Eden regions: 246->0(246)
[2023-09-16T17:37:22.852+0800][gc,heap     ] GC(12) Survivor regions: 10->10(32)
[2023-09-16T17:37:22.852+0800][gc,heap     ] GC(12) Old regions: 29->29
[2023-09-16T17:37:22.852+0800][gc,heap     ] GC(12) Archive regions: 0->0
[2023-09-16T17:37:22.852+0800][gc,heap     ] GC(12) Humongous regions: 11->11
[2023-09-16T17:37:22.852+0800][gc,metaspace] GC(12) Metaspace: 76539K(77120K)->76539K(77120K) NonClass: 67650K(67968K)->67650K(67968K) Class: 8888K(9152K)->8888K(9152K)
[2023-09-16T17:37:22.852+0800][gc          ] GC(12) Pause Young (Normal) (G1 Evacuation Pause) 295M->50M(512M) 14.075ms
[2023-09-16T17:37:22.852+0800][gc,cpu      ] GC(12) User=0.04s Sys=0.03s Real=0.02s
[2023-09-16T19:03:48.205+0800][gc,start    ] GC(13) Pause Young (Normal) (G1 Evacuation Pause)
[2023-09-16T19:03:48.205+0800][gc,task     ] GC(13) Using 8 workers of 8 for evacuation
[2023-09-16T19:03:48.218+0800][gc,phases   ] GC(13)   Pre Evacuate Collection Set: 0.2ms
[2023-09-16T19:03:48.218+0800][gc,phases   ] GC(13)   Merge Heap Roots: 0.2ms
[2023-09-16T19:03:48.218+0800][gc,phases   ] GC(13)   Evacuate Collection Set: 10.5ms
[2023-09-16T19:03:48.218+0800][gc,phases   ] GC(13)   Post Evacuate Collection Set: 1.3ms
[2023-09-16T19:03:48.218+0800][gc,phases   ] GC(13)   Other: 0.6ms
[2023-09-16T19:03:48.218+0800][gc,heap     ] GC(13) Eden regions: 246->0(245)
[2023-09-16T19:03:48.218+0800][gc,heap     ] GC(13) Survivor regions: 10->11(32)
[2023-09-16T19:03:48.218+0800][gc,heap     ] GC(13) Old regions: 29->29
[2023-09-16T19:03:48.218+0800][gc,heap     ] GC(13) Archive regions: 0->0
[2023-09-16T19:03:48.218+0800][gc,heap     ] GC(13) Humongous regions: 11->11
[2023-09-16T19:03:48.218+0800][gc,metaspace] GC(13) Metaspace: 77532K(78144K)->77532K(78144K) NonClass: 68509K(68800K)->68509K(68800K) Class: 9022K(9344K)->9022K(9344K)
[2023-09-16T19:03:48.218+0800][gc          ] GC(13) Pause Young (Normal) (G1 Evacuation Pause) 296M->50M(512M) 12.879ms
[2023-09-16T19:03:48.218+0800][gc,cpu      ] GC(13) User=0.04s Sys=0.01s Real=0.01s
[2023-09-16T19:30:54.813+0800][gc,start    ] GC(14) Pause Young (Normal) (G1 Evacuation Pause)
[2023-09-16T19:30:54.814+0800][gc,task     ] GC(14) Using 8 workers of 8 for evacuation
[2023-09-16T19:30:54.836+0800][gc,phases   ] GC(14)   Pre Evacuate Collection Set: 0.4ms
[2023-09-16T19:30:54.836+0800][gc,phases   ] GC(14)   Merge Heap Roots: 0.3ms
[2023-09-16T19:30:54.836+0800][gc,phases   ] GC(14)   Evacuate Collection Set: 19.5ms
[2023-09-16T19:30:54.836+0800][gc,phases   ] GC(14)   Post Evacuate Collection Set: 1.3ms
[2023-09-16T19:30:54.836+0800][gc,phases   ] GC(14)   Other: 1.3ms
[2023-09-16T19:30:54.836+0800][gc,heap     ] GC(14) Eden regions: 245->0(246)
[2023-09-16T19:30:54.836+0800][gc,heap     ] GC(14) Survivor regions: 11->10(32)
[2023-09-16T19:30:54.836+0800][gc,heap     ] GC(14) Old regions: 29->29
[2023-09-16T19:30:54.836+0800][gc,heap     ] GC(14) Archive regions: 0->0
[2023-09-16T19:30:54.836+0800][gc,heap     ] GC(14) Humongous regions: 11->11
[2023-09-16T19:30:54.836+0800][gc,metaspace] GC(14) Metaspace: 77560K(78208K)->77560K(78208K) NonClass: 68537K(68864K)->68537K(68864K) Class: 9022K(9344K)->9022K(9344K)
[2023-09-16T19:30:54.836+0800][gc          ] GC(14) Pause Young (Normal) (G1 Evacuation Pause) 295M->49M(512M) 22.928ms
[2023-09-16T19:30:54.836+0800][gc,cpu      ] GC(14) User=0.05s Sys=0.02s Real=0.02s
[2023-09-16T19:58:16.041+0800][gc,start    ] GC(15) Pause Young (Normal) (G1 Evacuation Pause)
[2023-09-16T19:58:16.041+0800][gc,task     ] GC(15) Using 8 workers of 8 for evacuation
[2023-09-16T19:58:16.053+0800][gc,phases   ] GC(15)   Pre Evacuate Collection Set: 0.2ms
[2023-09-16T19:58:16.053+0800][gc,phases   ] GC(15)   Merge Heap Roots: 0.1ms
[2023-09-16T19:58:16.053+0800][gc,phases   ] GC(15)   Evacuate Collection Set: 10.0ms
[2023-09-16T19:58:16.053+0800][gc,phases   ] GC(15)   Post Evacuate Collection Set: 0.8ms
[2023-09-16T19:58:16.053+0800][gc,phases   ] GC(15)   Other: 1.1ms
[2023-09-16T19:58:16.053+0800][gc,heap     ] GC(15) Eden regions: 246->0(245)
[2023-09-16T19:58:16.053+0800][gc,heap     ] GC(15) Survivor regions: 10->11(32)
[2023-09-16T19:58:16.053+0800][gc,heap     ] GC(15) Old regions: 29->29
[2023-09-16T19:58:16.053+0800][gc,heap     ] GC(15) Archive regions: 0->0
[2023-09-16T19:58:16.053+0800][gc,heap     ] GC(15) Humongous regions: 11->11
[2023-09-16T19:58:16.053+0800][gc,metaspace] GC(15) Metaspace: 77590K(78208K)->77590K(78208K) NonClass: 68567K(68864K)->68567K(68864K) Class: 9022K(9344K)->9022K(9344K)
[2023-09-16T19:58:16.053+0800][gc          ] GC(15) Pause Young (Normal) (G1 Evacuation Pause) 295M->50M(512M) 12.365ms
[2023-09-16T19:58:16.053+0800][gc,cpu      ] GC(15) User=0.04s Sys=0.00s Real=0.01s
[2023-09-16T20:25:36.957+0800][gc,start    ] GC(16) Pause Young (Normal) (G1 Evacuation Pause)
[2023-09-16T20:25:36.958+0800][gc,task     ] GC(16) Using 8 workers of 8 for evacuation
[2023-09-16T20:25:36.980+0800][gc,phases   ] GC(16)   Pre Evacuate Collection Set: 0.8ms
[2023-09-16T20:25:36.980+0800][gc,phases   ] GC(16)   Merge Heap Roots: 0.4ms
[2023-09-16T20:25:36.980+0800][gc,phases   ] GC(16)   Evacuate Collection Set: 19.3ms
[2023-09-16T20:25:36.980+0800][gc,phases   ] GC(16)   Post Evacuate Collection Set: 1.3ms
[2023-09-16T20:25:36.980+0800][gc,phases   ] GC(16)   Other: 1.8ms
[2023-09-16T20:25:36.980+0800][gc,heap     ] GC(16) Eden regions: 245->0(246)
[2023-09-16T20:25:36.980+0800][gc,heap     ] GC(16) Survivor regions: 11->10(32)
[2023-09-16T20:25:36.980+0800][gc,heap     ] GC(16) Old regions: 29->29
[2023-09-16T20:25:36.980+0800][gc,heap     ] GC(16) Archive regions: 0->0
[2023-09-16T20:25:36.980+0800][gc,heap     ] GC(16) Humongous regions: 11->11
[2023-09-16T20:25:36.980+0800][gc,metaspace] GC(16) Metaspace: 77603K(78208K)->77603K(78208K) NonClass: 68578K(68864K)->68578K(68864K) Class: 9024K(9344K)->9024K(9344K)
[2023-09-16T20:25:36.980+0800][gc          ] GC(16) Pause Young (Normal) (G1 Evacuation Pause) 295M->49M(512M) 23.856ms
[2023-09-16T20:25:36.980+0800][gc,cpu      ] GC(16) User=0.05s Sys=0.03s Real=0.03s
[2023-09-16T20:53:04.238+0800][gc,start    ] GC(17) Pause Young (Normal) (G1 Evacuation Pause)
[2023-09-16T20:53:04.239+0800][gc,task     ] GC(17) Using 8 workers of 8 for evacuation
[2023-09-16T20:53:04.252+0800][gc,phases   ] GC(17)   Pre Evacuate Collection Set: 0.4ms
[2023-09-16T20:53:04.252+0800][gc,phases   ] GC(17)   Merge Heap Roots: 0.2ms
[2023-09-16T20:53:04.252+0800][gc,phases   ] GC(17)   Evacuate Collection Set: 10.6ms
[2023-09-16T20:53:04.252+0800][gc,phases   ] GC(17)   Post Evacuate Collection Set: 1.4ms
[2023-09-16T20:53:04.252+0800][gc,phases   ] GC(17)   Other: 1.5ms
[2023-09-16T20:53:04.252+0800][gc,heap     ] GC(17) Eden regions: 246->0(245)
[2023-09-16T20:53:04.252+0800][gc,heap     ] GC(17) Survivor regions: 10->11(32)
[2023-09-16T20:53:04.252+0800][gc,heap     ] GC(17) Old regions: 29->29
[2023-09-16T20:53:04.252+0800][gc,heap     ] GC(17) Archive regions: 0->0
[2023-09-16T20:53:04.252+0800][gc,heap     ] GC(17) Humongous regions: 11->11
[2023-09-16T20:53:04.252+0800][gc,metaspace] GC(17) Metaspace: 77608K(78208K)->77608K(78208K) NonClass: 68583K(68864K)->68583K(68864K) Class: 9024K(9344K)->9024K(9344K)
[2023-09-16T20:53:04.252+0800][gc          ] GC(17) Pause Young (Normal) (G1 Evacuation Pause) 295M->50M(512M) 14.147ms
[2023-09-16T20:53:04.252+0800][gc,cpu      ] GC(17) User=0.05s Sys=0.01s Real=0.02s
[2023-09-16T21:20:17.791+0800][gc,start    ] GC(18) Pause Young (Normal) (G1 Evacuation Pause)
[2023-09-16T21:20:17.792+0800][gc,task     ] GC(18) Using 8 workers of 8 for evacuation
[2023-09-16T21:20:17.817+0800][gc,phases   ] GC(18)   Pre Evacuate Collection Set: 0.5ms
[2023-09-16T21:20:17.817+0800][gc,phases   ] GC(18)   Merge Heap Roots: 0.5ms
[2023-09-16T21:20:17.817+0800][gc,phases   ] GC(18)   Evacuate Collection Set: 22.1ms
[2023-09-16T21:20:17.817+0800][gc,phases   ] GC(18)   Post Evacuate Collection Set: 1.5ms
[2023-09-16T21:20:17.817+0800][gc,phases   ] GC(18)   Other: 1.5ms
[2023-09-16T21:20:17.817+0800][gc,heap     ] GC(18) Eden regions: 245->0(245)
[2023-09-16T21:20:17.817+0800][gc,heap     ] GC(18) Survivor regions: 11->11(32)
[2023-09-16T21:20:17.817+0800][gc,heap     ] GC(18) Old regions: 29->29
[2023-09-16T21:20:17.817+0800][gc,heap     ] GC(18) Archive regions: 0->0
[2023-09-16T21:20:17.817+0800][gc,heap     ] GC(18) Humongous regions: 11->11
[2023-09-16T21:20:17.817+0800][gc,metaspace] GC(18) Metaspace: 77610K(78208K)->77610K(78208K) NonClass: 68585K(68864K)->68585K(68864K) Class: 9025K(9344K)->9025K(9344K)
[2023-09-16T21:20:17.817+0800][gc          ] GC(18) Pause Young (Normal) (G1 Evacuation Pause) 295M->50M(512M) 26.340ms
[2023-09-16T21:20:17.817+0800][gc,cpu      ] GC(18) User=0.05s Sys=0.04s Real=0.02s
[2023-09-16T21:47:36.387+0800][gc,start    ] GC(19) Pause Young (Normal) (G1 Evacuation Pause)
[2023-09-16T21:47:36.388+0800][gc,task     ] GC(19) Using 8 workers of 8 for evacuation
[2023-09-16T21:47:36.403+0800][gc,phases   ] GC(19)   Pre Evacuate Collection Set: 0.3ms
[2023-09-16T21:47:36.403+0800][gc,phases   ] GC(19)   Merge Heap Roots: 0.2ms
[2023-09-16T21:47:36.403+0800][gc,phases   ] GC(19)   Evacuate Collection Set: 12.4ms
[2023-09-16T21:47:36.403+0800][gc,phases   ] GC(19)   Post Evacuate Collection Set: 1.8ms
[2023-09-16T21:47:36.403+0800][gc,phases   ] GC(19)   Other: 1.5ms
[2023-09-16T21:47:36.403+0800][gc,heap     ] GC(19) Eden regions: 245->0(245)
[2023-09-16T21:47:36.403+0800][gc,heap     ] GC(19) Survivor regions: 11->11(32)
[2023-09-16T21:47:36.403+0800][gc,heap     ] GC(19) Old regions: 29->29
[2023-09-16T21:47:36.403+0800][gc,heap     ] GC(19) Archive regions: 0->0
[2023-09-16T21:47:36.403+0800][gc,heap     ] GC(19) Humongous regions: 11->11
[2023-09-16T21:47:36.403+0800][gc,metaspace] GC(19) Metaspace: 77621K(78208K)->77621K(78208K) NonClass: 68595K(68864K)->68595K(68864K) Class: 9025K(9344K)->9025K(9344K)
[2023-09-16T21:47:36.403+0800][gc          ] GC(19) Pause Young (Normal) (G1 Evacuation Pause) 295M->50M(512M) 16.180ms
[2023-09-16T21:47:36.403+0800][gc,cpu      ] GC(19) User=0.05s Sys=0.01s Real=0.02s
[2023-09-16T23:46:13.386+0800][gc,start    ] GC(20) Pause Young (Normal) (G1 Evacuation Pause)
[2023-09-16T23:46:13.386+0800][gc,task     ] GC(20) Using 8 workers of 8 for evacuation
[2023-09-16T23:46:13.402+0800][gc,phases   ] GC(20)   Pre Evacuate Collection Set: 0.3ms
[2023-09-16T23:46:13.402+0800][gc,phases   ] GC(20)   Merge Heap Roots: 0.2ms
[2023-09-16T23:46:13.402+0800][gc,phases   ] GC(20)   Evacuate Collection Set: 14.4ms
[2023-09-16T23:46:13.402+0800][gc,phases   ] GC(20)   Post Evacuate Collection Set: 0.8ms
[2023-09-16T23:46:13.402+0800][gc,phases   ] GC(20)   Other: 0.4ms
[2023-09-16T23:46:13.402+0800][gc,heap     ] GC(20) Eden regions: 245->0(245)
[2023-09-16T23:46:13.402+0800][gc,heap     ] GC(20) Survivor regions: 11->11(32)
[2023-09-16T23:46:13.402+0800][gc,heap     ] GC(20) Old regions: 29->29
[2023-09-16T23:46:13.402+0800][gc,heap     ] GC(20) Archive regions: 0->0
[2023-09-16T23:46:13.402+0800][gc,heap     ] GC(20) Humongous regions: 11->11
[2023-09-16T23:46:13.402+0800][gc,metaspace] GC(20) Metaspace: 77748K(78400K)->77748K(78400K) NonClass: 68714K(69056K)->68714K(69056K) Class: 9033K(9344K)->9033K(9344K)
[2023-09-16T23:46:13.402+0800][gc          ] GC(20) Pause Young (Normal) (G1 Evacuation Pause) 295M->50M(512M) 16.168ms
[2023-09-16T23:46:13.402+0800][gc,cpu      ] GC(20) User=0.05s Sys=0.00s Real=0.02s
[2023-09-17T00:24:45.750+0800][gc,heap,exit] Heap
[2023-09-17T00:24:45.750+0800][gc,heap,exit]  garbage-first heap   total 524288K, used 175037K [0x00000007e0000000, 0x0000000800000000)
[2023-09-17T00:24:45.750+0800][gc,heap,exit]   region size 1024K, 132 young (135168K), 11 survivors (11264K)
[2023-09-17T00:24:45.750+0800][gc,heap,exit]  Metaspace       used 77957K, committed 78656K, reserved 1179648K
[2023-09-17T00:24:45.750+0800][gc,heap,exit]   class space    used 9057K, committed 9408K, reserved 1048576K
