[2023-09-12T15:49:31.233+0800][gc] Using G1
[2023-09-12T15:49:31.234+0800][gc,init] Version: 17.0.8+7 (release)
[2023-09-12T15:49:31.234+0800][gc,init] CPUs: 8 total, 8 available
[2023-09-12T15:49:31.234+0800][gc,init] Memory: 16384M
[2023-09-12T15:49:31.234+0800][gc,init] Large Page Support: Disabled
[2023-09-12T15:49:31.234+0800][gc,init] NUMA Support: Disabled
[2023-09-12T15:49:31.234+0800][gc,init] Compressed Oops: Enabled (Zero based)
[2023-09-12T15:49:31.234+0800][gc,init] Heap Region Size: 1M
[2023-09-12T15:49:31.234+0800][gc,init] Heap Min Capacity: 512M
[2023-09-12T15:49:31.234+0800][gc,init] Heap Initial Capacity: 512M
[2023-09-12T15:49:31.234+0800][gc,init] Heap Max Capacity: 512M
[2023-09-12T15:49:31.234+0800][gc,init] Pre-touch: Disabled
[2023-09-12T15:49:31.234+0800][gc,init] Parallel Workers: 8
[2023-09-12T15:49:31.234+0800][gc,init] Concurrent Workers: 2
[2023-09-12T15:49:31.234+0800][gc,init] Concurrent Refinement Workers: 8
[2023-09-12T15:49:31.234+0800][gc,init] Periodic GC: Disabled
[2023-09-12T15:49:31.234+0800][gc,metaspace] CDS archive(s) not mapped
[2023-09-12T15:49:31.234+0800][gc,metaspace] Compressed class space mapped at: 0x0000000800000000-0x0000000840000000, reserved size: 1073741824
[2023-09-12T15:49:31.234+0800][gc,metaspace] Narrow klass base: 0x0000000800000000, Narrow klass shift: 0, Narrow klass range: 0x40000000
[2023-09-12T15:49:31.714+0800][gc,start    ] GC(0) Pause Young (Concurrent Start) (Metadata GC Threshold)
[2023-09-12T15:49:31.714+0800][gc,task     ] GC(0) Using 8 workers of 8 for evacuation
[2023-09-12T15:49:31.717+0800][gc,phases   ] GC(0)   Pre Evacuate Collection Set: 0.1ms
[2023-09-12T15:49:31.717+0800][gc,phases   ] GC(0)   Merge Heap Roots: 0.0ms
[2023-09-12T15:49:31.717+0800][gc,phases   ] GC(0)   Evacuate Collection Set: 3.0ms
[2023-09-12T15:49:31.717+0800][gc,phases   ] GC(0)   Post Evacuate Collection Set: 0.4ms
[2023-09-12T15:49:31.717+0800][gc,phases   ] GC(0)   Other: 0.4ms
[2023-09-12T15:49:31.717+0800][gc,heap     ] GC(0) Eden regions: 197->0(250)
[2023-09-12T15:49:31.717+0800][gc,heap     ] GC(0) Survivor regions: 0->6(32)
[2023-09-12T15:49:31.717+0800][gc,heap     ] GC(0) Old regions: 0->0
[2023-09-12T15:49:31.717+0800][gc,heap     ] GC(0) Archive regions: 0->0
[2023-09-12T15:49:31.717+0800][gc,heap     ] GC(0) Humongous regions: 0->0
[2023-09-12T15:49:31.717+0800][gc,metaspace] GC(0) Metaspace: 21361K(21504K)->21361K(21504K) NonClass: 19026K(19072K)->19026K(19072K) Class: 2335K(2432K)->2335K(2432K)
[2023-09-12T15:49:31.717+0800][gc          ] GC(0) Pause Young (Concurrent Start) (Metadata GC Threshold) 196M->6M(512M) 3.930ms
[2023-09-12T15:49:31.717+0800][gc,cpu      ] GC(0) User=0.02s Sys=0.00s Real=0.00s
[2023-09-12T15:49:31.718+0800][gc          ] GC(1) Concurrent Mark Cycle
[2023-09-12T15:49:31.718+0800][gc,marking  ] GC(1) Concurrent Clear Claimed Marks
[2023-09-12T15:49:31.718+0800][gc,marking  ] GC(1) Concurrent Clear Claimed Marks 0.013ms
[2023-09-12T15:49:31.718+0800][gc,marking  ] GC(1) Concurrent Scan Root Regions
[2023-09-12T15:49:31.720+0800][gc,marking  ] GC(1) Concurrent Scan Root Regions 1.950ms
[2023-09-12T15:49:31.720+0800][gc,marking  ] GC(1) Concurrent Mark
[2023-09-12T15:49:31.720+0800][gc,marking  ] GC(1) Concurrent Mark From Roots
[2023-09-12T15:49:31.720+0800][gc,task     ] GC(1) Using 2 workers of 2 for marking
[2023-09-12T15:49:31.720+0800][gc,marking  ] GC(1) Concurrent Mark From Roots 0.107ms
[2023-09-12T15:49:31.720+0800][gc,marking  ] GC(1) Concurrent Preclean
[2023-09-12T15:49:31.720+0800][gc,marking  ] GC(1) Concurrent Preclean 0.016ms
[2023-09-12T15:49:31.720+0800][gc,start    ] GC(1) Pause Remark
[2023-09-12T15:49:31.720+0800][gc          ] GC(1) Pause Remark 7M->7M(512M) 0.663ms
[2023-09-12T15:49:31.720+0800][gc,cpu      ] GC(1) User=0.00s Sys=0.00s Real=0.00s
[2023-09-12T15:49:31.721+0800][gc,marking  ] GC(1) Concurrent Mark 1.312ms
[2023-09-12T15:49:31.721+0800][gc,marking  ] GC(1) Concurrent Rebuild Remembered Sets
[2023-09-12T15:49:31.721+0800][gc,marking  ] GC(1) Concurrent Rebuild Remembered Sets 0.020ms
[2023-09-12T15:49:31.721+0800][gc,start    ] GC(1) Pause Cleanup
[2023-09-12T15:49:31.721+0800][gc          ] GC(1) Pause Cleanup 8M->8M(512M) 0.021ms
[2023-09-12T15:49:31.721+0800][gc,cpu      ] GC(1) User=0.00s Sys=0.00s Real=0.00s
[2023-09-12T15:49:31.721+0800][gc,marking  ] GC(1) Concurrent Cleanup for Next Mark
[2023-09-12T15:49:31.722+0800][gc,marking  ] GC(1) Concurrent Cleanup for Next Mark 0.975ms
[2023-09-12T15:49:31.722+0800][gc          ] GC(1) Concurrent Mark Cycle 4.682ms
[2023-09-12T15:49:32.157+0800][gc,start    ] GC(2) Pause Young (Normal) (G1 Evacuation Pause)
[2023-09-12T15:49:32.157+0800][gc,task     ] GC(2) Using 8 workers of 8 for evacuation
[2023-09-12T15:49:32.162+0800][gc,phases   ] GC(2)   Pre Evacuate Collection Set: 0.1ms
[2023-09-12T15:49:32.162+0800][gc,phases   ] GC(2)   Merge Heap Roots: 0.0ms
[2023-09-12T15:49:32.162+0800][gc,phases   ] GC(2)   Evacuate Collection Set: 4.4ms
[2023-09-12T15:49:32.162+0800][gc,phases   ] GC(2)   Post Evacuate Collection Set: 0.6ms
[2023-09-12T15:49:32.162+0800][gc,phases   ] GC(2)   Other: 0.1ms
[2023-09-12T15:49:32.162+0800][gc,heap     ] GC(2) Eden regions: 250->0(245)
[2023-09-12T15:49:32.162+0800][gc,heap     ] GC(2) Survivor regions: 6->11(32)
[2023-09-12T15:49:32.162+0800][gc,heap     ] GC(2) Old regions: 0->0
[2023-09-12T15:49:32.162+0800][gc,heap     ] GC(2) Archive regions: 0->0
[2023-09-12T15:49:32.162+0800][gc,heap     ] GC(2) Humongous regions: 0->0
[2023-09-12T15:49:32.162+0800][gc,metaspace] GC(2) Metaspace: 30571K(30848K)->30571K(30848K) NonClass: 27111K(27264K)->27111K(27264K) Class: 3459K(3584K)->3459K(3584K)
[2023-09-12T15:49:32.162+0800][gc          ] GC(2) Pause Young (Normal) (G1 Evacuation Pause) 256M->11M(512M) 5.225ms
[2023-09-12T15:49:32.162+0800][gc,cpu      ] GC(2) User=0.02s Sys=0.00s Real=0.01s
[2023-09-12T15:49:32.450+0800][gc,start    ] GC(3) Pause Young (Normal) (G1 Evacuation Pause)
[2023-09-12T15:49:32.450+0800][gc,task     ] GC(3) Using 8 workers of 8 for evacuation
[2023-09-12T15:49:32.454+0800][gc,phases   ] GC(3)   Pre Evacuate Collection Set: 0.1ms
[2023-09-12T15:49:32.454+0800][gc,phases   ] GC(3)   Merge Heap Roots: 0.1ms
[2023-09-12T15:49:32.454+0800][gc,phases   ] GC(3)   Evacuate Collection Set: 3.8ms
[2023-09-12T15:49:32.454+0800][gc,phases   ] GC(3)   Post Evacuate Collection Set: 0.5ms
[2023-09-12T15:49:32.454+0800][gc,phases   ] GC(3)   Other: 0.1ms
[2023-09-12T15:49:32.454+0800][gc,heap     ] GC(3) Eden regions: 245->0(242)
[2023-09-12T15:49:32.454+0800][gc,heap     ] GC(3) Survivor regions: 11->14(32)
[2023-09-12T15:49:32.454+0800][gc,heap     ] GC(3) Old regions: 0->0
[2023-09-12T15:49:32.454+0800][gc,heap     ] GC(3) Archive regions: 0->0
[2023-09-12T15:49:32.454+0800][gc,heap     ] GC(3) Humongous regions: 0->0
[2023-09-12T15:49:32.454+0800][gc,metaspace] GC(3) Metaspace: 32788K(33088K)->32788K(33088K) NonClass: 29080K(29184K)->29080K(29184K) Class: 3708K(3904K)->3708K(3904K)
[2023-09-12T15:49:32.454+0800][gc          ] GC(3) Pause Young (Normal) (G1 Evacuation Pause) 256M->13M(512M) 4.514ms
[2023-09-12T15:49:32.454+0800][gc,cpu      ] GC(3) User=0.03s Sys=0.00s Real=0.00s
[2023-09-12T15:49:32.724+0800][gc,start    ] GC(4) Pause Young (Concurrent Start) (Metadata GC Threshold)
[2023-09-12T15:49:32.724+0800][gc,task     ] GC(4) Using 8 workers of 8 for evacuation
[2023-09-12T15:49:32.729+0800][gc,phases   ] GC(4)   Pre Evacuate Collection Set: 0.1ms
[2023-09-12T15:49:32.729+0800][gc,phases   ] GC(4)   Merge Heap Roots: 0.0ms
[2023-09-12T15:49:32.729+0800][gc,phases   ] GC(4)   Evacuate Collection Set: 4.2ms
[2023-09-12T15:49:32.729+0800][gc,phases   ] GC(4)   Post Evacuate Collection Set: 0.7ms
[2023-09-12T15:49:32.729+0800][gc,phases   ] GC(4)   Other: 0.1ms
[2023-09-12T15:49:32.729+0800][gc,heap     ] GC(4) Eden regions: 141->0(239)
[2023-09-12T15:49:32.729+0800][gc,heap     ] GC(4) Survivor regions: 14->17(32)
[2023-09-12T15:49:32.729+0800][gc,heap     ] GC(4) Old regions: 0->0
[2023-09-12T15:49:32.729+0800][gc,heap     ] GC(4) Archive regions: 0->0
[2023-09-12T15:49:32.729+0800][gc,heap     ] GC(4) Humongous regions: 0->0
[2023-09-12T15:49:32.729+0800][gc,metaspace] GC(4) Metaspace: 35730K(36096K)->35730K(36096K) NonClass: 31581K(31744K)->31581K(31744K) Class: 4148K(4352K)->4148K(4352K)
[2023-09-12T15:49:32.730+0800][gc          ] GC(4) Pause Young (Concurrent Start) (Metadata GC Threshold) 154M->16M(512M) 5.187ms
[2023-09-12T15:49:32.730+0800][gc,cpu      ] GC(4) User=0.04s Sys=0.00s Real=0.01s
[2023-09-12T15:49:32.730+0800][gc          ] GC(5) Concurrent Mark Cycle
[2023-09-12T15:49:32.730+0800][gc,marking  ] GC(5) Concurrent Clear Claimed Marks
[2023-09-12T15:49:32.730+0800][gc,marking  ] GC(5) Concurrent Clear Claimed Marks 0.027ms
[2023-09-12T15:49:32.730+0800][gc,marking  ] GC(5) Concurrent Scan Root Regions
[2023-09-12T15:49:32.733+0800][gc,marking  ] GC(5) Concurrent Scan Root Regions 2.985ms
[2023-09-12T15:49:32.733+0800][gc,marking  ] GC(5) Concurrent Mark
[2023-09-12T15:49:32.733+0800][gc,marking  ] GC(5) Concurrent Mark From Roots
[2023-09-12T15:49:32.733+0800][gc,task     ] GC(5) Using 2 workers of 2 for marking
[2023-09-12T15:49:32.733+0800][gc,marking  ] GC(5) Concurrent Mark From Roots 0.064ms
[2023-09-12T15:49:32.733+0800][gc,marking  ] GC(5) Concurrent Preclean
[2023-09-12T15:49:32.733+0800][gc,marking  ] GC(5) Concurrent Preclean 0.013ms
[2023-09-12T15:49:32.733+0800][gc,start    ] GC(5) Pause Remark
[2023-09-12T15:49:32.734+0800][gc          ] GC(5) Pause Remark 17M->17M(512M) 1.233ms
[2023-09-12T15:49:32.734+0800][gc,cpu      ] GC(5) User=0.00s Sys=0.01s Real=0.00s
[2023-09-12T15:49:32.734+0800][gc,marking  ] GC(5) Concurrent Mark 1.397ms
[2023-09-12T15:49:32.734+0800][gc,marking  ] GC(5) Concurrent Rebuild Remembered Sets
[2023-09-12T15:49:32.734+0800][gc,marking  ] GC(5) Concurrent Rebuild Remembered Sets 0.004ms
[2023-09-12T15:49:32.734+0800][gc,start    ] GC(5) Pause Cleanup
[2023-09-12T15:49:32.734+0800][gc          ] GC(5) Pause Cleanup 17M->17M(512M) 0.007ms
[2023-09-12T15:49:32.734+0800][gc,cpu      ] GC(5) User=0.00s Sys=0.00s Real=0.00s
[2023-09-12T15:49:32.734+0800][gc,marking  ] GC(5) Concurrent Cleanup for Next Mark
[2023-09-12T15:49:32.735+0800][gc,marking  ] GC(5) Concurrent Cleanup for Next Mark 0.778ms
[2023-09-12T15:49:32.735+0800][gc          ] GC(5) Concurrent Mark Cycle 5.342ms
[2023-09-12T15:49:33.421+0800][gc,start    ] GC(6) Pause Young (Normal) (G1 Evacuation Pause)
[2023-09-12T15:49:33.421+0800][gc,task     ] GC(6) Using 8 workers of 8 for evacuation
[2023-09-12T15:49:33.430+0800][gc,phases   ] GC(6)   Pre Evacuate Collection Set: 0.1ms
[2023-09-12T15:49:33.430+0800][gc,phases   ] GC(6)   Merge Heap Roots: 0.1ms
[2023-09-12T15:49:33.430+0800][gc,phases   ] GC(6)   Evacuate Collection Set: 7.7ms
[2023-09-12T15:49:33.430+0800][gc,phases   ] GC(6)   Post Evacuate Collection Set: 0.9ms
[2023-09-12T15:49:33.430+0800][gc,phases   ] GC(6)   Other: 0.1ms
[2023-09-12T15:49:33.430+0800][gc,heap     ] GC(6) Eden regions: 239->0(234)
[2023-09-12T15:49:33.430+0800][gc,heap     ] GC(6) Survivor regions: 17->22(32)
[2023-09-12T15:49:33.430+0800][gc,heap     ] GC(6) Old regions: 0->0
[2023-09-12T15:49:33.430+0800][gc,heap     ] GC(6) Archive regions: 0->0
[2023-09-12T15:49:33.430+0800][gc,heap     ] GC(6) Humongous regions: 0->0
[2023-09-12T15:49:33.430+0800][gc,metaspace] GC(6) Metaspace: 44794K(45184K)->44794K(45184K) NonClass: 39595K(39808K)->39595K(39808K) Class: 5198K(5376K)->5198K(5376K)
[2023-09-12T15:49:33.430+0800][gc          ] GC(6) Pause Young (Normal) (G1 Evacuation Pause) 255M->22M(512M) 8.843ms
[2023-09-12T15:49:33.430+0800][gc,cpu      ] GC(6) User=0.05s Sys=0.00s Real=0.01s
[2023-09-12T15:50:19.690+0800][gc,heap,exit] Heap
[2023-09-12T15:50:19.690+0800][gc,heap,exit]  garbage-first heap   total 524288K, used 105474K [0x00000007e0000000, 0x0000000800000000)
[2023-09-12T15:50:19.690+0800][gc,heap,exit]   region size 1024K, 104 young (106496K), 22 survivors (22528K)
[2023-09-12T15:50:19.690+0800][gc,heap,exit]  Metaspace       used 49153K, committed 49536K, reserved 1114112K
[2023-09-12T15:50:19.690+0800][gc,heap,exit]   class space    used 5762K, committed 5952K, reserved 1048576K
