[2023-09-12T15:04:52.701+0800][gc] Using G1
[2023-09-12T15:04:52.702+0800][gc,init] Version: 17.0.8+7 (release)
[2023-09-12T15:04:52.702+0800][gc,init] CPUs: 8 total, 8 available
[2023-09-12T15:04:52.702+0800][gc,init] Memory: 16384M
[2023-09-12T15:04:52.702+0800][gc,init] Large Page Support: Disabled
[2023-09-12T15:04:52.702+0800][gc,init] NUMA Support: Disabled
[2023-09-12T15:04:52.702+0800][gc,init] Compressed Oops: Enabled (Zero based)
[2023-09-12T15:04:52.702+0800][gc,init] Heap Region Size: 1M
[2023-09-12T15:04:52.702+0800][gc,init] Heap Min Capacity: 512M
[2023-09-12T15:04:52.702+0800][gc,init] Heap Initial Capacity: 512M
[2023-09-12T15:04:52.702+0800][gc,init] Heap Max Capacity: 512M
[2023-09-12T15:04:52.702+0800][gc,init] Pre-touch: Disabled
[2023-09-12T15:04:52.702+0800][gc,init] Parallel Workers: 8
[2023-09-12T15:04:52.702+0800][gc,init] Concurrent Workers: 2
[2023-09-12T15:04:52.702+0800][gc,init] Concurrent Refinement Workers: 8
[2023-09-12T15:04:52.702+0800][gc,init] Periodic GC: Disabled
[2023-09-12T15:04:52.702+0800][gc,metaspace] CDS archive(s) not mapped
[2023-09-12T15:04:52.702+0800][gc,metaspace] Compressed class space mapped at: 0x0000000800000000-0x0000000840000000, reserved size: 1073741824
[2023-09-12T15:04:52.702+0800][gc,metaspace] Narrow klass base: 0x0000000800000000, Narrow klass shift: 0, Narrow klass range: 0x40000000
[2023-09-12T15:04:53.266+0800][gc,start    ] GC(0) Pause Young (Concurrent Start) (Metadata GC Threshold)
[2023-09-12T15:04:53.266+0800][gc,task     ] GC(0) Using 8 workers of 8 for evacuation
[2023-09-12T15:04:53.269+0800][gc,phases   ] GC(0)   Pre Evacuate Collection Set: 0.1ms
[2023-09-12T15:04:53.269+0800][gc,phases   ] GC(0)   Merge Heap Roots: 0.0ms
[2023-09-12T15:04:53.270+0800][gc,phases   ] GC(0)   Evacuate Collection Set: 2.8ms
[2023-09-12T15:04:53.270+0800][gc,phases   ] GC(0)   Post Evacuate Collection Set: 0.4ms
[2023-09-12T15:04:53.270+0800][gc,phases   ] GC(0)   Other: 0.3ms
[2023-09-12T15:04:53.270+0800][gc,heap     ] GC(0) Eden regions: 206->0(250)
[2023-09-12T15:04:53.270+0800][gc,heap     ] GC(0) Survivor regions: 0->6(32)
[2023-09-12T15:04:53.270+0800][gc,heap     ] GC(0) Old regions: 0->0
[2023-09-12T15:04:53.270+0800][gc,heap     ] GC(0) Archive regions: 0->0
[2023-09-12T15:04:53.270+0800][gc,heap     ] GC(0) Humongous regions: 0->0
[2023-09-12T15:04:53.270+0800][gc,metaspace] GC(0) Metaspace: 21293K(21504K)->21293K(21504K) NonClass: 19029K(19136K)->19029K(19136K) Class: 2263K(2368K)->2263K(2368K)
[2023-09-12T15:04:53.270+0800][gc          ] GC(0) Pause Young (Concurrent Start) (Metadata GC Threshold) 206M->5M(512M) 3.770ms
[2023-09-12T15:04:53.270+0800][gc,cpu      ] GC(0) User=0.01s Sys=0.00s Real=0.01s
[2023-09-12T15:04:53.270+0800][gc          ] GC(1) Concurrent Mark Cycle
[2023-09-12T15:04:53.270+0800][gc,marking  ] GC(1) Concurrent Clear Claimed Marks
[2023-09-12T15:04:53.270+0800][gc,marking  ] GC(1) Concurrent Clear Claimed Marks 0.010ms
[2023-09-12T15:04:53.270+0800][gc,marking  ] GC(1) Concurrent Scan Root Regions
[2023-09-12T15:04:53.271+0800][gc,marking  ] GC(1) Concurrent Scan Root Regions 1.162ms
[2023-09-12T15:04:53.271+0800][gc,marking  ] GC(1) Concurrent Mark
[2023-09-12T15:04:53.271+0800][gc,marking  ] GC(1) Concurrent Mark From Roots
[2023-09-12T15:04:53.271+0800][gc,task     ] GC(1) Using 2 workers of 2 for marking
[2023-09-12T15:04:53.271+0800][gc,marking  ] GC(1) Concurrent Mark From Roots 0.056ms
[2023-09-12T15:04:53.271+0800][gc,marking  ] GC(1) Concurrent Preclean
[2023-09-12T15:04:53.271+0800][gc,marking  ] GC(1) Concurrent Preclean 0.014ms
[2023-09-12T15:04:53.271+0800][gc,start    ] GC(1) Pause Remark
[2023-09-12T15:04:53.272+0800][gc          ] GC(1) Pause Remark 6M->6M(512M) 0.742ms
[2023-09-12T15:04:53.272+0800][gc,cpu      ] GC(1) User=0.00s Sys=0.01s Real=0.00s
[2023-09-12T15:04:53.272+0800][gc,marking  ] GC(1) Concurrent Mark 1.016ms
[2023-09-12T15:04:53.272+0800][gc,marking  ] GC(1) Concurrent Rebuild Remembered Sets
[2023-09-12T15:04:53.272+0800][gc,marking  ] GC(1) Concurrent Rebuild Remembered Sets 0.005ms
[2023-09-12T15:04:53.272+0800][gc,start    ] GC(1) Pause Cleanup
[2023-09-12T15:04:53.272+0800][gc          ] GC(1) Pause Cleanup 6M->6M(512M) 0.016ms
[2023-09-12T15:04:53.272+0800][gc,cpu      ] GC(1) User=0.00s Sys=0.00s Real=0.00s
[2023-09-12T15:04:53.272+0800][gc,marking  ] GC(1) Concurrent Cleanup for Next Mark
[2023-09-12T15:04:53.273+0800][gc,marking  ] GC(1) Concurrent Cleanup for Next Mark 0.801ms
[2023-09-12T15:04:53.273+0800][gc          ] GC(1) Concurrent Mark Cycle 3.179ms
[2023-09-12T15:04:53.771+0800][gc,start    ] GC(2) Pause Young (Normal) (G1 Evacuation Pause)
[2023-09-12T15:04:53.771+0800][gc,task     ] GC(2) Using 8 workers of 8 for evacuation
[2023-09-12T15:04:53.775+0800][gc,phases   ] GC(2)   Pre Evacuate Collection Set: 0.1ms
[2023-09-12T15:04:53.776+0800][gc,phases   ] GC(2)   Merge Heap Roots: 0.0ms
[2023-09-12T15:04:53.776+0800][gc,phases   ] GC(2)   Evacuate Collection Set: 3.8ms
[2023-09-12T15:04:53.776+0800][gc,phases   ] GC(2)   Post Evacuate Collection Set: 0.4ms
[2023-09-12T15:04:53.776+0800][gc,phases   ] GC(2)   Other: 0.1ms
[2023-09-12T15:04:53.776+0800][gc,heap     ] GC(2) Eden regions: 250->0(244)
[2023-09-12T15:04:53.776+0800][gc,heap     ] GC(2) Survivor regions: 6->12(32)
[2023-09-12T15:04:53.776+0800][gc,heap     ] GC(2) Old regions: 0->0
[2023-09-12T15:04:53.776+0800][gc,heap     ] GC(2) Archive regions: 0->0
[2023-09-12T15:04:53.776+0800][gc,heap     ] GC(2) Humongous regions: 0->0
[2023-09-12T15:04:53.776+0800][gc,metaspace] GC(2) Metaspace: 30437K(30720K)->30437K(30720K) NonClass: 26988K(27136K)->26988K(27136K) Class: 3448K(3584K)->3448K(3584K)
[2023-09-12T15:04:53.776+0800][gc          ] GC(2) Pause Young (Normal) (G1 Evacuation Pause) 255M->11M(512M) 4.462ms
[2023-09-12T15:04:53.776+0800][gc,cpu      ] GC(2) User=0.03s Sys=0.00s Real=0.00s
[2023-09-12T15:04:54.082+0800][gc,start    ] GC(3) Pause Young (Normal) (G1 Evacuation Pause)
[2023-09-12T15:04:54.082+0800][gc,task     ] GC(3) Using 8 workers of 8 for evacuation
[2023-09-12T15:04:54.087+0800][gc,phases   ] GC(3)   Pre Evacuate Collection Set: 0.0ms
[2023-09-12T15:04:54.087+0800][gc,phases   ] GC(3)   Merge Heap Roots: 0.0ms
[2023-09-12T15:04:54.087+0800][gc,phases   ] GC(3)   Evacuate Collection Set: 5.0ms
[2023-09-12T15:04:54.087+0800][gc,phases   ] GC(3)   Post Evacuate Collection Set: 0.5ms
[2023-09-12T15:04:54.087+0800][gc,phases   ] GC(3)   Other: 0.1ms
[2023-09-12T15:04:54.087+0800][gc,heap     ] GC(3) Eden regions: 244->0(242)
[2023-09-12T15:04:54.087+0800][gc,heap     ] GC(3) Survivor regions: 12->14(32)
[2023-09-12T15:04:54.087+0800][gc,heap     ] GC(3) Old regions: 0->0
[2023-09-12T15:04:54.087+0800][gc,heap     ] GC(3) Archive regions: 0->0
[2023-09-12T15:04:54.087+0800][gc,heap     ] GC(3) Humongous regions: 0->0
[2023-09-12T15:04:54.087+0800][gc,metaspace] GC(3) Metaspace: 32657K(33024K)->32657K(33024K) NonClass: 28952K(29120K)->28952K(29120K) Class: 3704K(3904K)->3704K(3904K)
[2023-09-12T15:04:54.087+0800][gc          ] GC(3) Pause Young (Normal) (G1 Evacuation Pause) 255M->13M(512M) 5.769ms
[2023-09-12T15:04:54.087+0800][gc,cpu      ] GC(3) User=0.02s Sys=0.00s Real=0.00s
[2023-09-12T15:04:54.373+0800][gc,start    ] GC(4) Pause Young (Concurrent Start) (Metadata GC Threshold)
[2023-09-12T15:04:54.373+0800][gc,task     ] GC(4) Using 8 workers of 8 for evacuation
[2023-09-12T15:04:54.378+0800][gc,phases   ] GC(4)   Pre Evacuate Collection Set: 0.1ms
[2023-09-12T15:04:54.379+0800][gc,phases   ] GC(4)   Merge Heap Roots: 0.0ms
[2023-09-12T15:04:54.379+0800][gc,phases   ] GC(4)   Evacuate Collection Set: 5.4ms
[2023-09-12T15:04:54.379+0800][gc,phases   ] GC(4)   Post Evacuate Collection Set: 0.4ms
[2023-09-12T15:04:54.379+0800][gc,phases   ] GC(4)   Other: 0.1ms
[2023-09-12T15:04:54.379+0800][gc,heap     ] GC(4) Eden regions: 136->0(239)
[2023-09-12T15:04:54.379+0800][gc,heap     ] GC(4) Survivor regions: 14->17(32)
[2023-09-12T15:04:54.379+0800][gc,heap     ] GC(4) Old regions: 0->0
[2023-09-12T15:04:54.379+0800][gc,heap     ] GC(4) Archive regions: 0->0
[2023-09-12T15:04:54.379+0800][gc,heap     ] GC(4) Humongous regions: 0->0
[2023-09-12T15:04:54.379+0800][gc,metaspace] GC(4) Metaspace: 35622K(35968K)->35622K(35968K) NonClass: 31477K(31616K)->31477K(31616K) Class: 4144K(4352K)->4144K(4352K)
[2023-09-12T15:04:54.379+0800][gc          ] GC(4) Pause Young (Concurrent Start) (Metadata GC Threshold) 148M->16M(512M) 6.049ms
[2023-09-12T15:04:54.379+0800][gc,cpu      ] GC(4) User=0.03s Sys=0.00s Real=0.00s
[2023-09-12T15:04:54.379+0800][gc          ] GC(5) Concurrent Mark Cycle
[2023-09-12T15:04:54.379+0800][gc,marking  ] GC(5) Concurrent Clear Claimed Marks
[2023-09-12T15:04:54.379+0800][gc,marking  ] GC(5) Concurrent Clear Claimed Marks 0.020ms
[2023-09-12T15:04:54.379+0800][gc,marking  ] GC(5) Concurrent Scan Root Regions
[2023-09-12T15:04:54.382+0800][gc,marking  ] GC(5) Concurrent Scan Root Regions 2.956ms
[2023-09-12T15:04:54.382+0800][gc,marking  ] GC(5) Concurrent Mark
[2023-09-12T15:04:54.382+0800][gc,marking  ] GC(5) Concurrent Mark From Roots
[2023-09-12T15:04:54.382+0800][gc,task     ] GC(5) Using 2 workers of 2 for marking
[2023-09-12T15:04:54.382+0800][gc,marking  ] GC(5) Concurrent Mark From Roots 0.050ms
[2023-09-12T15:04:54.382+0800][gc,marking  ] GC(5) Concurrent Preclean
[2023-09-12T15:04:54.382+0800][gc,marking  ] GC(5) Concurrent Preclean 0.013ms
[2023-09-12T15:04:54.382+0800][gc,start    ] GC(5) Pause Remark
[2023-09-12T15:04:54.383+0800][gc          ] GC(5) Pause Remark 18M->18M(512M) 1.164ms
[2023-09-12T15:04:54.383+0800][gc,cpu      ] GC(5) User=0.01s Sys=0.00s Real=0.00s
[2023-09-12T15:04:54.383+0800][gc,marking  ] GC(5) Concurrent Mark 1.331ms
[2023-09-12T15:04:54.383+0800][gc,marking  ] GC(5) Concurrent Rebuild Remembered Sets
[2023-09-12T15:04:54.383+0800][gc,marking  ] GC(5) Concurrent Rebuild Remembered Sets 0.005ms
[2023-09-12T15:04:54.383+0800][gc,start    ] GC(5) Pause Cleanup
[2023-09-12T15:04:54.383+0800][gc          ] GC(5) Pause Cleanup 18M->18M(512M) 0.007ms
[2023-09-12T15:04:54.383+0800][gc,cpu      ] GC(5) User=0.00s Sys=0.00s Real=0.00s
[2023-09-12T15:04:54.383+0800][gc,marking  ] GC(5) Concurrent Cleanup for Next Mark
[2023-09-12T15:04:54.384+0800][gc,marking  ] GC(5) Concurrent Cleanup for Next Mark 0.787ms
[2023-09-12T15:04:54.384+0800][gc          ] GC(5) Concurrent Mark Cycle 5.246ms
[2023-09-12T15:04:55.088+0800][gc,start    ] GC(6) Pause Young (Normal) (G1 Evacuation Pause)
[2023-09-12T15:04:55.088+0800][gc,task     ] GC(6) Using 8 workers of 8 for evacuation
[2023-09-12T15:04:55.096+0800][gc,phases   ] GC(6)   Pre Evacuate Collection Set: 0.1ms
[2023-09-12T15:04:55.096+0800][gc,phases   ] GC(6)   Merge Heap Roots: 0.0ms
[2023-09-12T15:04:55.096+0800][gc,phases   ] GC(6)   Evacuate Collection Set: 7.3ms
[2023-09-12T15:04:55.096+0800][gc,phases   ] GC(6)   Post Evacuate Collection Set: 0.9ms
[2023-09-12T15:04:55.096+0800][gc,phases   ] GC(6)   Other: 0.1ms
[2023-09-12T15:04:55.096+0800][gc,heap     ] GC(6) Eden regions: 239->0(234)
[2023-09-12T15:04:55.096+0800][gc,heap     ] GC(6) Survivor regions: 17->22(32)
[2023-09-12T15:04:55.096+0800][gc,heap     ] GC(6) Old regions: 0->0
[2023-09-12T15:04:55.096+0800][gc,heap     ] GC(6) Archive regions: 0->0
[2023-09-12T15:04:55.096+0800][gc,heap     ] GC(6) Humongous regions: 0->0
[2023-09-12T15:04:55.096+0800][gc,metaspace] GC(6) Metaspace: 45099K(45440K)->45099K(45440K) NonClass: 39862K(40064K)->39862K(40064K) Class: 5237K(5376K)->5237K(5376K)
[2023-09-12T15:04:55.096+0800][gc          ] GC(6) Pause Young (Normal) (G1 Evacuation Pause) 255M->21M(512M) 8.424ms
[2023-09-12T15:04:55.096+0800][gc,cpu      ] GC(6) User=0.05s Sys=0.01s Real=0.01s
[2023-09-12T15:04:55.941+0800][gc,start    ] GC(7) Pause Young (Concurrent Start) (Metadata GC Threshold)
[2023-09-12T15:04:55.941+0800][gc,task     ] GC(7) Using 8 workers of 8 for evacuation
[2023-09-12T15:04:55.952+0800][gc,phases   ] GC(7)   Pre Evacuate Collection Set: 0.1ms
[2023-09-12T15:04:55.952+0800][gc,phases   ] GC(7)   Merge Heap Roots: 0.0ms
[2023-09-12T15:04:55.952+0800][gc,phases   ] GC(7)   Evacuate Collection Set: 9.0ms
[2023-09-12T15:04:55.952+0800][gc,phases   ] GC(7)   Post Evacuate Collection Set: 1.1ms
[2023-09-12T15:04:55.952+0800][gc,phases   ] GC(7)   Other: 0.1ms
[2023-09-12T15:04:55.952+0800][gc,heap     ] GC(7) Eden regions: 231->0(229)
[2023-09-12T15:04:55.952+0800][gc,heap     ] GC(7) Survivor regions: 22->27(32)
[2023-09-12T15:04:55.952+0800][gc,heap     ] GC(7) Old regions: 0->6
[2023-09-12T15:04:55.952+0800][gc,heap     ] GC(7) Archive regions: 0->0
[2023-09-12T15:04:55.952+0800][gc,heap     ] GC(7) Humongous regions: 5->5
[2023-09-12T15:04:55.952+0800][gc,metaspace] GC(7) Metaspace: 59636K(60096K)->59636K(60096K) NonClass: 52659K(52864K)->52659K(52864K) Class: 6977K(7232K)->6977K(7232K)
[2023-09-12T15:04:55.952+0800][gc          ] GC(7) Pause Young (Concurrent Start) (Metadata GC Threshold) 257M->37M(512M) 10.376ms
[2023-09-12T15:04:55.952+0800][gc,cpu      ] GC(7) User=0.06s Sys=0.00s Real=0.01s
[2023-09-12T15:04:55.952+0800][gc          ] GC(8) Concurrent Mark Cycle
[2023-09-12T15:04:55.952+0800][gc,marking  ] GC(8) Concurrent Clear Claimed Marks
[2023-09-12T15:04:55.952+0800][gc,marking  ] GC(8) Concurrent Clear Claimed Marks 0.033ms
[2023-09-12T15:04:55.952+0800][gc,marking  ] GC(8) Concurrent Scan Root Regions
[2023-09-12T15:04:55.958+0800][gc,marking  ] GC(8) Concurrent Scan Root Regions 6.456ms
[2023-09-12T15:04:55.958+0800][gc,marking  ] GC(8) Concurrent Mark
[2023-09-12T15:04:55.958+0800][gc,marking  ] GC(8) Concurrent Mark From Roots
[2023-09-12T15:04:55.958+0800][gc,task     ] GC(8) Using 2 workers of 2 for marking
[2023-09-12T15:04:55.960+0800][gc,marking  ] GC(8) Concurrent Mark From Roots 1.431ms
[2023-09-12T15:04:55.960+0800][gc,marking  ] GC(8) Concurrent Preclean
[2023-09-12T15:04:55.960+0800][gc,marking  ] GC(8) Concurrent Preclean 0.013ms
[2023-09-12T15:04:55.960+0800][gc,start    ] GC(8) Pause Remark
[2023-09-12T15:04:55.961+0800][gc          ] GC(8) Pause Remark 39M->39M(512M) 1.695ms
[2023-09-12T15:04:55.961+0800][gc,cpu      ] GC(8) User=0.01s Sys=0.00s Real=0.00s
[2023-09-12T15:04:55.962+0800][gc,marking  ] GC(8) Concurrent Mark 3.341ms
[2023-09-12T15:04:55.962+0800][gc,marking  ] GC(8) Concurrent Rebuild Remembered Sets
[2023-09-12T15:04:55.963+0800][gc,marking  ] GC(8) Concurrent Rebuild Remembered Sets 1.606ms
[2023-09-12T15:04:55.963+0800][gc,start    ] GC(8) Pause Cleanup
[2023-09-12T15:04:55.963+0800][gc          ] GC(8) Pause Cleanup 39M->39M(512M) 0.055ms
[2023-09-12T15:04:55.963+0800][gc,cpu      ] GC(8) User=0.00s Sys=0.00s Real=0.00s
[2023-09-12T15:04:55.963+0800][gc,marking  ] GC(8) Concurrent Cleanup for Next Mark
[2023-09-12T15:04:55.964+0800][gc,marking  ] GC(8) Concurrent Cleanup for Next Mark 0.542ms
[2023-09-12T15:04:55.964+0800][gc          ] GC(8) Concurrent Mark Cycle 12.278ms
[2023-09-12T15:04:56.610+0800][gc,start    ] GC(9) Pause Young (Normal) (G1 Evacuation Pause)
[2023-09-12T15:04:56.610+0800][gc,task     ] GC(9) Using 8 workers of 8 for evacuation
[2023-09-12T15:04:56.620+0800][gc,phases   ] GC(9)   Pre Evacuate Collection Set: 0.1ms
[2023-09-12T15:04:56.620+0800][gc,phases   ] GC(9)   Merge Heap Roots: 0.1ms
[2023-09-12T15:04:56.620+0800][gc,phases   ] GC(9)   Evacuate Collection Set: 9.2ms
[2023-09-12T15:04:56.620+0800][gc,phases   ] GC(9)   Post Evacuate Collection Set: 0.8ms
[2023-09-12T15:04:56.620+0800][gc,phases   ] GC(9)   Other: 0.1ms
[2023-09-12T15:04:56.620+0800][gc,heap     ] GC(9) Eden regions: 229->0(232)
[2023-09-12T15:04:56.620+0800][gc,heap     ] GC(9) Survivor regions: 27->24(32)
[2023-09-12T15:04:56.620+0800][gc,heap     ] GC(9) Old regions: 6->16
[2023-09-12T15:04:56.620+0800][gc,heap     ] GC(9) Archive regions: 0->0
[2023-09-12T15:04:56.620+0800][gc,heap     ] GC(9) Humongous regions: 5->5
[2023-09-12T15:04:56.620+0800][gc,metaspace] GC(9) Metaspace: 68761K(69312K)->68761K(69312K) NonClass: 60532K(60800K)->60532K(60800K) Class: 8228K(8512K)->8228K(8512K)
[2023-09-12T15:04:56.620+0800][gc          ] GC(9) Pause Young (Normal) (G1 Evacuation Pause) 266M->44M(512M) 10.342ms
[2023-09-12T15:04:56.620+0800][gc,cpu      ] GC(9) User=0.05s Sys=0.01s Real=0.01s
[2023-09-12T15:07:41.370+0800][gc,heap,exit] Heap
[2023-09-12T15:07:41.371+0800][gc,heap,exit]  garbage-first heap   total 524288K, used 169591K [0x00000007e0000000, 0x0000000800000000)
[2023-09-12T15:07:41.371+0800][gc,heap,exit]   region size 1024K, 134 young (137216K), 24 survivors (24576K)
[2023-09-12T15:07:41.371+0800][gc,heap,exit]  Metaspace       used 73451K, committed 74048K, reserved 1114112K
[2023-09-12T15:07:41.371+0800][gc,heap,exit]   class space    used 8786K, committed 9088K, reserved 1048576K
