[2023-09-12T15:20:53.799+0800][gc] Using G1
[2023-09-12T15:20:53.800+0800][gc,init] Version: 17.0.8+7 (release)
[2023-09-12T15:20:53.800+0800][gc,init] CPUs: 8 total, 8 available
[2023-09-12T15:20:53.800+0800][gc,init] Memory: 16384M
[2023-09-12T15:20:53.800+0800][gc,init] Large Page Support: Disabled
[2023-09-12T15:20:53.800+0800][gc,init] NUMA Support: Disabled
[2023-09-12T15:20:53.800+0800][gc,init] Compressed Oops: Enabled (Zero based)
[2023-09-12T15:20:53.800+0800][gc,init] Heap Region Size: 1M
[2023-09-12T15:20:53.800+0800][gc,init] Heap Min Capacity: 512M
[2023-09-12T15:20:53.800+0800][gc,init] Heap Initial Capacity: 512M
[2023-09-12T15:20:53.800+0800][gc,init] Heap Max Capacity: 512M
[2023-09-12T15:20:53.800+0800][gc,init] Pre-touch: Disabled
[2023-09-12T15:20:53.800+0800][gc,init] Parallel Workers: 8
[2023-09-12T15:20:53.800+0800][gc,init] Concurrent Workers: 2
[2023-09-12T15:20:53.800+0800][gc,init] Concurrent Refinement Workers: 8
[2023-09-12T15:20:53.800+0800][gc,init] Periodic GC: Disabled
[2023-09-12T15:20:53.800+0800][gc,metaspace] CDS archive(s) not mapped
[2023-09-12T15:20:53.800+0800][gc,metaspace] Compressed class space mapped at: 0x0000000800000000-0x0000000840000000, reserved size: 1073741824
[2023-09-12T15:20:53.800+0800][gc,metaspace] Narrow klass base: 0x0000000800000000, Narrow klass shift: 0, Narrow klass range: 0x40000000
[2023-09-12T15:20:54.289+0800][gc,start    ] GC(0) Pause Young (Concurrent Start) (Metadata GC Threshold)
[2023-09-12T15:20:54.289+0800][gc,task     ] GC(0) Using 8 workers of 8 for evacuation
[2023-09-12T15:20:54.292+0800][gc,phases   ] GC(0)   Pre Evacuate Collection Set: 0.1ms
[2023-09-12T15:20:54.292+0800][gc,phases   ] GC(0)   Merge Heap Roots: 0.0ms
[2023-09-12T15:20:54.292+0800][gc,phases   ] GC(0)   Evacuate Collection Set: 2.9ms
[2023-09-12T15:20:54.292+0800][gc,phases   ] GC(0)   Post Evacuate Collection Set: 0.3ms
[2023-09-12T15:20:54.292+0800][gc,phases   ] GC(0)   Other: 0.2ms
[2023-09-12T15:20:54.292+0800][gc,heap     ] GC(0) Eden regions: 194->0(250)
[2023-09-12T15:20:54.292+0800][gc,heap     ] GC(0) Survivor regions: 0->6(32)
[2023-09-12T15:20:54.292+0800][gc,heap     ] GC(0) Old regions: 0->0
[2023-09-12T15:20:54.292+0800][gc,heap     ] GC(0) Archive regions: 0->0
[2023-09-12T15:20:54.292+0800][gc,heap     ] GC(0) Humongous regions: 0->0
[2023-09-12T15:20:54.292+0800][gc,metaspace] GC(0) Metaspace: 21329K(21504K)->21329K(21504K) NonClass: 18997K(19072K)->18997K(19072K) Class: 2331K(2432K)->2331K(2432K)
[2023-09-12T15:20:54.292+0800][gc          ] GC(0) Pause Young (Concurrent Start) (Metadata GC Threshold) 194M->5M(512M) 3.651ms
[2023-09-12T15:20:54.292+0800][gc,cpu      ] GC(0) User=0.02s Sys=0.01s Real=0.01s
[2023-09-12T15:20:54.292+0800][gc          ] GC(1) Concurrent Mark Cycle
[2023-09-12T15:20:54.292+0800][gc,marking  ] GC(1) Concurrent Clear Claimed Marks
[2023-09-12T15:20:54.292+0800][gc,marking  ] GC(1) Concurrent Clear Claimed Marks 0.010ms
[2023-09-12T15:20:54.292+0800][gc,marking  ] GC(1) Concurrent Scan Root Regions
[2023-09-12T15:20:54.294+0800][gc,marking  ] GC(1) Concurrent Scan Root Regions 2.031ms
[2023-09-12T15:20:54.294+0800][gc,marking  ] GC(1) Concurrent Mark
[2023-09-12T15:20:54.294+0800][gc,marking  ] GC(1) Concurrent Mark From Roots
[2023-09-12T15:20:54.294+0800][gc,task     ] GC(1) Using 2 workers of 2 for marking
[2023-09-12T15:20:54.294+0800][gc,marking  ] GC(1) Concurrent Mark From Roots 0.116ms
[2023-09-12T15:20:54.295+0800][gc,marking  ] GC(1) Concurrent Preclean
[2023-09-12T15:20:54.295+0800][gc,marking  ] GC(1) Concurrent Preclean 0.041ms
[2023-09-12T15:20:54.295+0800][gc,start    ] GC(1) Pause Remark
[2023-09-12T15:20:54.296+0800][gc          ] GC(1) Pause Remark 6M->6M(512M) 0.819ms
[2023-09-12T15:20:54.296+0800][gc,cpu      ] GC(1) User=0.00s Sys=0.00s Real=0.00s
[2023-09-12T15:20:54.296+0800][gc,marking  ] GC(1) Concurrent Mark 1.370ms
[2023-09-12T15:20:54.296+0800][gc,marking  ] GC(1) Concurrent Rebuild Remembered Sets
[2023-09-12T15:20:54.296+0800][gc,marking  ] GC(1) Concurrent Rebuild Remembered Sets 0.015ms
[2023-09-12T15:20:54.296+0800][gc,start    ] GC(1) Pause Cleanup
[2023-09-12T15:20:54.296+0800][gc          ] GC(1) Pause Cleanup 6M->6M(512M) 0.036ms
[2023-09-12T15:20:54.296+0800][gc,cpu      ] GC(1) User=0.00s Sys=0.00s Real=0.00s
[2023-09-12T15:20:54.296+0800][gc,marking  ] GC(1) Concurrent Cleanup for Next Mark
[2023-09-12T15:20:54.297+0800][gc,marking  ] GC(1) Concurrent Cleanup for Next Mark 0.887ms
[2023-09-12T15:20:54.297+0800][gc          ] GC(1) Concurrent Mark Cycle 4.628ms
[2023-09-12T15:20:54.727+0800][gc,start    ] GC(2) Pause Young (Normal) (G1 Evacuation Pause)
[2023-09-12T15:20:54.727+0800][gc,task     ] GC(2) Using 8 workers of 8 for evacuation
[2023-09-12T15:20:54.732+0800][gc,phases   ] GC(2)   Pre Evacuate Collection Set: 0.1ms
[2023-09-12T15:20:54.732+0800][gc,phases   ] GC(2)   Merge Heap Roots: 0.1ms
[2023-09-12T15:20:54.732+0800][gc,phases   ] GC(2)   Evacuate Collection Set: 4.2ms
[2023-09-12T15:20:54.732+0800][gc,phases   ] GC(2)   Post Evacuate Collection Set: 0.4ms
[2023-09-12T15:20:54.732+0800][gc,phases   ] GC(2)   Other: 0.1ms
[2023-09-12T15:20:54.732+0800][gc,heap     ] GC(2) Eden regions: 250->0(244)
[2023-09-12T15:20:54.732+0800][gc,heap     ] GC(2) Survivor regions: 6->12(32)
[2023-09-12T15:20:54.732+0800][gc,heap     ] GC(2) Old regions: 0->0
[2023-09-12T15:20:54.732+0800][gc,heap     ] GC(2) Archive regions: 0->0
[2023-09-12T15:20:54.732+0800][gc,heap     ] GC(2) Humongous regions: 0->0
[2023-09-12T15:20:54.732+0800][gc,metaspace] GC(2) Metaspace: 30556K(30848K)->30556K(30848K) NonClass: 27098K(27264K)->27098K(27264K) Class: 3458K(3584K)->3458K(3584K)
[2023-09-12T15:20:54.732+0800][gc          ] GC(2) Pause Young (Normal) (G1 Evacuation Pause) 255M->11M(512M) 4.985ms
[2023-09-12T15:20:54.732+0800][gc,cpu      ] GC(2) User=0.03s Sys=0.01s Real=0.01s
[2023-09-12T15:20:55.023+0800][gc,start    ] GC(3) Pause Young (Normal) (G1 Evacuation Pause)
[2023-09-12T15:20:55.023+0800][gc,task     ] GC(3) Using 8 workers of 8 for evacuation
[2023-09-12T15:20:55.028+0800][gc,phases   ] GC(3)   Pre Evacuate Collection Set: 0.1ms
[2023-09-12T15:20:55.028+0800][gc,phases   ] GC(3)   Merge Heap Roots: 0.0ms
[2023-09-12T15:20:55.028+0800][gc,phases   ] GC(3)   Evacuate Collection Set: 4.1ms
[2023-09-12T15:20:55.028+0800][gc,phases   ] GC(3)   Post Evacuate Collection Set: 0.4ms
[2023-09-12T15:20:55.028+0800][gc,phases   ] GC(3)   Other: 0.1ms
[2023-09-12T15:20:55.028+0800][gc,heap     ] GC(3) Eden regions: 244->0(242)
[2023-09-12T15:20:55.028+0800][gc,heap     ] GC(3) Survivor regions: 12->14(32)
[2023-09-12T15:20:55.028+0800][gc,heap     ] GC(3) Old regions: 0->0
[2023-09-12T15:20:55.028+0800][gc,heap     ] GC(3) Archive regions: 0->0
[2023-09-12T15:20:55.028+0800][gc,heap     ] GC(3) Humongous regions: 0->0
[2023-09-12T15:20:55.028+0800][gc,metaspace] GC(3) Metaspace: 32760K(33088K)->32760K(33088K) NonClass: 29054K(29184K)->29054K(29184K) Class: 3706K(3904K)->3706K(3904K)
[2023-09-12T15:20:55.028+0800][gc          ] GC(3) Pause Young (Normal) (G1 Evacuation Pause) 255M->13M(512M) 4.763ms
[2023-09-12T15:20:55.028+0800][gc,cpu      ] GC(3) User=0.03s Sys=0.00s Real=0.00s
[2023-09-12T15:20:55.301+0800][gc,start    ] GC(4) Pause Young (Concurrent Start) (Metadata GC Threshold)
[2023-09-12T15:20:55.301+0800][gc,task     ] GC(4) Using 8 workers of 8 for evacuation
[2023-09-12T15:20:55.306+0800][gc,phases   ] GC(4)   Pre Evacuate Collection Set: 0.1ms
[2023-09-12T15:20:55.306+0800][gc,phases   ] GC(4)   Merge Heap Roots: 0.1ms
[2023-09-12T15:20:55.306+0800][gc,phases   ] GC(4)   Evacuate Collection Set: 4.2ms
[2023-09-12T15:20:55.306+0800][gc,phases   ] GC(4)   Post Evacuate Collection Set: 0.7ms
[2023-09-12T15:20:55.306+0800][gc,phases   ] GC(4)   Other: 0.1ms
[2023-09-12T15:20:55.306+0800][gc,heap     ] GC(4) Eden regions: 142->0(239)
[2023-09-12T15:20:55.306+0800][gc,heap     ] GC(4) Survivor regions: 14->17(32)
[2023-09-12T15:20:55.306+0800][gc,heap     ] GC(4) Old regions: 0->0
[2023-09-12T15:20:55.306+0800][gc,heap     ] GC(4) Archive regions: 0->0
[2023-09-12T15:20:55.306+0800][gc,heap     ] GC(4) Humongous regions: 0->0
[2023-09-12T15:20:55.306+0800][gc,metaspace] GC(4) Metaspace: 35781K(36096K)->35781K(36096K) NonClass: 31628K(31744K)->31628K(31744K) Class: 4153K(4352K)->4153K(4352K)
[2023-09-12T15:20:55.306+0800][gc          ] GC(4) Pause Young (Concurrent Start) (Metadata GC Threshold) 155M->16M(512M) 5.228ms
[2023-09-12T15:20:55.306+0800][gc,cpu      ] GC(4) User=0.03s Sys=0.00s Real=0.00s
[2023-09-12T15:20:55.306+0800][gc          ] GC(5) Concurrent Mark Cycle
[2023-09-12T15:20:55.306+0800][gc,marking  ] GC(5) Concurrent Clear Claimed Marks
[2023-09-12T15:20:55.306+0800][gc,marking  ] GC(5) Concurrent Clear Claimed Marks 0.019ms
[2023-09-12T15:20:55.306+0800][gc,marking  ] GC(5) Concurrent Scan Root Regions
[2023-09-12T15:20:55.309+0800][gc,marking  ] GC(5) Concurrent Scan Root Regions 2.989ms
[2023-09-12T15:20:55.309+0800][gc,marking  ] GC(5) Concurrent Mark
[2023-09-12T15:20:55.309+0800][gc,marking  ] GC(5) Concurrent Mark From Roots
[2023-09-12T15:20:55.309+0800][gc,task     ] GC(5) Using 2 workers of 2 for marking
[2023-09-12T15:20:55.309+0800][gc,marking  ] GC(5) Concurrent Mark From Roots 0.033ms
[2023-09-12T15:20:55.309+0800][gc,marking  ] GC(5) Concurrent Preclean
[2023-09-12T15:20:55.309+0800][gc,marking  ] GC(5) Concurrent Preclean 0.013ms
[2023-09-12T15:20:55.309+0800][gc,start    ] GC(5) Pause Remark
[2023-09-12T15:20:55.310+0800][gc          ] GC(5) Pause Remark 18M->18M(512M) 1.069ms
[2023-09-12T15:20:55.310+0800][gc,cpu      ] GC(5) User=0.01s Sys=0.00s Real=0.01s
[2023-09-12T15:20:55.310+0800][gc,marking  ] GC(5) Concurrent Mark 1.234ms
[2023-09-12T15:20:55.310+0800][gc,marking  ] GC(5) Concurrent Rebuild Remembered Sets
[2023-09-12T15:20:55.310+0800][gc,marking  ] GC(5) Concurrent Rebuild Remembered Sets 0.005ms
[2023-09-12T15:20:55.311+0800][gc,start    ] GC(5) Pause Cleanup
[2023-09-12T15:20:55.311+0800][gc          ] GC(5) Pause Cleanup 18M->18M(512M) 0.007ms
[2023-09-12T15:20:55.311+0800][gc,cpu      ] GC(5) User=0.00s Sys=0.00s Real=0.00s
[2023-09-12T15:20:55.311+0800][gc,marking  ] GC(5) Concurrent Cleanup for Next Mark
[2023-09-12T15:20:55.311+0800][gc,marking  ] GC(5) Concurrent Cleanup for Next Mark 0.636ms
[2023-09-12T15:20:55.311+0800][gc          ] GC(5) Concurrent Mark Cycle 5.011ms
[2023-09-12T15:20:55.994+0800][gc,start    ] GC(6) Pause Young (Normal) (G1 Evacuation Pause)
[2023-09-12T15:20:55.994+0800][gc,task     ] GC(6) Using 8 workers of 8 for evacuation
[2023-09-12T15:20:56.003+0800][gc,phases   ] GC(6)   Pre Evacuate Collection Set: 0.1ms
[2023-09-12T15:20:56.003+0800][gc,phases   ] GC(6)   Merge Heap Roots: 0.0ms
[2023-09-12T15:20:56.003+0800][gc,phases   ] GC(6)   Evacuate Collection Set: 8.1ms
[2023-09-12T15:20:56.003+0800][gc,phases   ] GC(6)   Post Evacuate Collection Set: 0.8ms
[2023-09-12T15:20:56.003+0800][gc,phases   ] GC(6)   Other: 0.1ms
[2023-09-12T15:20:56.003+0800][gc,heap     ] GC(6) Eden regions: 239->0(234)
[2023-09-12T15:20:56.003+0800][gc,heap     ] GC(6) Survivor regions: 17->22(32)
[2023-09-12T15:20:56.003+0800][gc,heap     ] GC(6) Old regions: 0->0
[2023-09-12T15:20:56.003+0800][gc,heap     ] GC(6) Archive regions: 0->0
[2023-09-12T15:20:56.003+0800][gc,heap     ] GC(6) Humongous regions: 0->0
[2023-09-12T15:20:56.003+0800][gc,metaspace] GC(6) Metaspace: 45088K(45376K)->45088K(45376K) NonClass: 39857K(40000K)->39857K(40000K) Class: 5230K(5376K)->5230K(5376K)
[2023-09-12T15:20:56.003+0800][gc          ] GC(6) Pause Young (Normal) (G1 Evacuation Pause) 255M->22M(512M) 9.130ms
[2023-09-12T15:20:56.003+0800][gc,cpu      ] GC(6) User=0.06s Sys=0.00s Real=0.01s
[2023-09-12T15:20:56.800+0800][gc,start    ] GC(7) Pause Young (Concurrent Start) (Metadata GC Threshold)
[2023-09-12T15:20:56.800+0800][gc,task     ] GC(7) Using 8 workers of 8 for evacuation
[2023-09-12T15:20:56.812+0800][gc,phases   ] GC(7)   Pre Evacuate Collection Set: 0.1ms
[2023-09-12T15:20:56.812+0800][gc,phases   ] GC(7)   Merge Heap Roots: 0.0ms
[2023-09-12T15:20:56.812+0800][gc,phases   ] GC(7)   Evacuate Collection Set: 10.2ms
[2023-09-12T15:20:56.812+0800][gc,phases   ] GC(7)   Post Evacuate Collection Set: 1.2ms
[2023-09-12T15:20:56.812+0800][gc,phases   ] GC(7)   Other: 0.1ms
[2023-09-12T15:20:56.812+0800][gc,heap     ] GC(7) Eden regions: 234->0(229)
[2023-09-12T15:20:56.812+0800][gc,heap     ] GC(7) Survivor regions: 22->27(32)
[2023-09-12T15:20:56.812+0800][gc,heap     ] GC(7) Old regions: 0->6
[2023-09-12T15:20:56.812+0800][gc,heap     ] GC(7) Archive regions: 0->0
[2023-09-12T15:20:56.812+0800][gc,heap     ] GC(7) Humongous regions: 5->5
[2023-09-12T15:20:56.812+0800][gc,metaspace] GC(7) Metaspace: 59994K(60416K)->59994K(60416K) NonClass: 52966K(53184K)->52966K(53184K) Class: 7028K(7232K)->7028K(7232K)
[2023-09-12T15:20:56.812+0800][gc          ] GC(7) Pause Young (Concurrent Start) (Metadata GC Threshold) 261M->36M(512M) 11.659ms
[2023-09-12T15:20:56.812+0800][gc,cpu      ] GC(7) User=0.08s Sys=0.00s Real=0.01s
[2023-09-12T15:20:56.812+0800][gc          ] GC(8) Concurrent Mark Cycle
[2023-09-12T15:20:56.812+0800][gc,marking  ] GC(8) Concurrent Clear Claimed Marks
[2023-09-12T15:20:56.812+0800][gc,marking  ] GC(8) Concurrent Clear Claimed Marks 0.035ms
[2023-09-12T15:20:56.812+0800][gc,marking  ] GC(8) Concurrent Scan Root Regions
[2023-09-12T15:20:56.818+0800][gc,marking  ] GC(8) Concurrent Scan Root Regions 5.762ms
[2023-09-12T15:20:56.818+0800][gc,marking  ] GC(8) Concurrent Mark
[2023-09-12T15:20:56.818+0800][gc,marking  ] GC(8) Concurrent Mark From Roots
[2023-09-12T15:20:56.818+0800][gc,task     ] GC(8) Using 2 workers of 2 for marking
[2023-09-12T15:20:56.819+0800][gc,marking  ] GC(8) Concurrent Mark From Roots 1.486ms
[2023-09-12T15:20:56.820+0800][gc,marking  ] GC(8) Concurrent Preclean
[2023-09-12T15:20:56.820+0800][gc,marking  ] GC(8) Concurrent Preclean 0.014ms
[2023-09-12T15:20:56.820+0800][gc,start    ] GC(8) Pause Remark
[2023-09-12T15:20:56.821+0800][gc          ] GC(8) Pause Remark 39M->39M(512M) 1.775ms
[2023-09-12T15:20:56.821+0800][gc,cpu      ] GC(8) User=0.02s Sys=0.00s Real=0.00s
[2023-09-12T15:20:56.821+0800][gc,marking  ] GC(8) Concurrent Mark 3.410ms
[2023-09-12T15:20:56.821+0800][gc,marking  ] GC(8) Concurrent Rebuild Remembered Sets
[2023-09-12T15:20:56.823+0800][gc,marking  ] GC(8) Concurrent Rebuild Remembered Sets 1.657ms
[2023-09-12T15:20:56.823+0800][gc,start    ] GC(8) Pause Cleanup
[2023-09-12T15:20:56.823+0800][gc          ] GC(8) Pause Cleanup 40M->40M(512M) 0.047ms
[2023-09-12T15:20:56.823+0800][gc,cpu      ] GC(8) User=0.00s Sys=0.00s Real=0.00s
[2023-09-12T15:20:56.823+0800][gc,marking  ] GC(8) Concurrent Cleanup for Next Mark
[2023-09-12T15:20:56.824+0800][gc,marking  ] GC(8) Concurrent Cleanup for Next Mark 0.573ms
[2023-09-12T15:20:56.824+0800][gc          ] GC(8) Concurrent Mark Cycle 11.684ms
[2023-09-12T15:20:57.454+0800][gc,start    ] GC(9) Pause Young (Concurrent Start) (G1 Evacuation Pause)
[2023-09-12T15:20:57.454+0800][gc,task     ] GC(9) Using 8 workers of 8 for evacuation
[2023-09-12T15:20:57.463+0800][gc,phases   ] GC(9)   Pre Evacuate Collection Set: 0.2ms
[2023-09-12T15:20:57.463+0800][gc,phases   ] GC(9)   Merge Heap Roots: 0.1ms
[2023-09-12T15:20:57.463+0800][gc,phases   ] GC(9)   Evacuate Collection Set: 8.2ms
[2023-09-12T15:20:57.463+0800][gc,phases   ] GC(9)   Post Evacuate Collection Set: 1.1ms
[2023-09-12T15:20:57.463+0800][gc,phases   ] GC(9)   Other: 0.1ms
[2023-09-12T15:20:57.463+0800][gc,heap     ] GC(9) Eden regions: 229->0(233)
[2023-09-12T15:20:57.463+0800][gc,heap     ] GC(9) Survivor regions: 27->23(32)
[2023-09-12T15:20:57.463+0800][gc,heap     ] GC(9) Old regions: 6->16
[2023-09-12T15:20:57.463+0800][gc,heap     ] GC(9) Archive regions: 0->0
[2023-09-12T15:20:57.463+0800][gc,heap     ] GC(9) Humongous regions: 5->5
[2023-09-12T15:20:57.463+0800][gc,metaspace] GC(9) Metaspace: 68676K(69184K)->68676K(69184K) NonClass: 60440K(60672K)->60440K(60672K) Class: 8236K(8512K)->8236K(8512K)
[2023-09-12T15:20:57.463+0800][gc          ] GC(9) Pause Young (Concurrent Start) (G1 Evacuation Pause) 265M->42M(512M) 9.794ms
[2023-09-12T15:20:57.463+0800][gc,cpu      ] GC(9) User=0.06s Sys=0.00s Real=0.01s
[2023-09-12T15:20:57.463+0800][gc          ] GC(10) Concurrent Mark Cycle
[2023-09-12T15:20:57.463+0800][gc,marking  ] GC(10) Concurrent Clear Claimed Marks
[2023-09-12T15:20:57.464+0800][gc,marking  ] GC(10) Concurrent Clear Claimed Marks 0.068ms
[2023-09-12T15:20:57.464+0800][gc,marking  ] GC(10) Concurrent Scan Root Regions
[2023-09-12T15:20:57.471+0800][gc,marking  ] GC(10) Concurrent Scan Root Regions 7.490ms
[2023-09-12T15:20:57.471+0800][gc,marking  ] GC(10) Concurrent Mark
[2023-09-12T15:20:57.471+0800][gc,marking  ] GC(10) Concurrent Mark From Roots
[2023-09-12T15:20:57.471+0800][gc,task     ] GC(10) Using 2 workers of 2 for marking
[2023-09-12T15:20:57.475+0800][gc,marking  ] GC(10) Concurrent Mark From Roots 3.554ms
[2023-09-12T15:20:57.475+0800][gc,marking  ] GC(10) Concurrent Preclean
[2023-09-12T15:20:57.475+0800][gc,marking  ] GC(10) Concurrent Preclean 0.030ms
[2023-09-12T15:20:57.475+0800][gc,start    ] GC(10) Pause Remark
[2023-09-12T15:20:57.477+0800][gc          ] GC(10) Pause Remark 45M->45M(512M) 1.693ms
[2023-09-12T15:20:57.477+0800][gc,cpu      ] GC(10) User=0.01s Sys=0.00s Real=0.00s
[2023-09-12T15:20:57.477+0800][gc,marking  ] GC(10) Concurrent Mark 5.546ms
[2023-09-12T15:20:57.477+0800][gc,marking  ] GC(10) Concurrent Rebuild Remembered Sets
[2023-09-12T15:20:57.481+0800][gc,marking  ] GC(10) Concurrent Rebuild Remembered Sets 4.112ms
[2023-09-12T15:20:57.481+0800][gc,start    ] GC(10) Pause Cleanup
[2023-09-12T15:20:57.481+0800][gc          ] GC(10) Pause Cleanup 46M->46M(512M) 0.086ms
[2023-09-12T15:20:57.481+0800][gc,cpu      ] GC(10) User=0.00s Sys=0.00s Real=0.00s
[2023-09-12T15:20:57.481+0800][gc,marking  ] GC(10) Concurrent Cleanup for Next Mark
[2023-09-12T15:20:57.482+0800][gc,marking  ] GC(10) Concurrent Cleanup for Next Mark 0.584ms
[2023-09-12T15:20:57.482+0800][gc          ] GC(10) Concurrent Mark Cycle 18.183ms
[2023-09-12T15:50:37.400+0800][gc,heap,exit] Heap
[2023-09-12T15:50:37.400+0800][gc,heap,exit]  garbage-first heap   total 524288K, used 144487K [0x00000007e0000000, 0x0000000800000000)
[2023-09-12T15:50:37.400+0800][gc,heap,exit]   region size 1024K, 118 young (120832K), 23 survivors (23552K)
[2023-09-12T15:50:37.400+0800][gc,heap,exit]  Metaspace       used 72769K, committed 73344K, reserved 1114112K
[2023-09-12T15:50:37.400+0800][gc,heap,exit]   class space    used 8673K, committed 8960K, reserved 1048576K
