[2023-09-12T15:50:03.989+0800][gc] Using G1
[2023-09-12T15:50:03.990+0800][gc,init] Version: 17.0.8+7 (release)
[2023-09-12T15:50:03.990+0800][gc,init] CPUs: 8 total, 8 available
[2023-09-12T15:50:03.990+0800][gc,init] Memory: 16384M
[2023-09-12T15:50:03.990+0800][gc,init] Large Page Support: Disabled
[2023-09-12T15:50:03.990+0800][gc,init] NUMA Support: Disabled
[2023-09-12T15:50:03.990+0800][gc,init] Compressed Oops: Enabled (Zero based)
[2023-09-12T15:50:03.990+0800][gc,init] Heap Region Size: 1M
[2023-09-12T15:50:03.990+0800][gc,init] Heap Min Capacity: 512M
[2023-09-12T15:50:03.990+0800][gc,init] Heap Initial Capacity: 512M
[2023-09-12T15:50:03.990+0800][gc,init] Heap Max Capacity: 512M
[2023-09-12T15:50:03.990+0800][gc,init] Pre-touch: Disabled
[2023-09-12T15:50:03.990+0800][gc,init] Parallel Workers: 8
[2023-09-12T15:50:03.990+0800][gc,init] Concurrent Workers: 2
[2023-09-12T15:50:03.990+0800][gc,init] Concurrent Refinement Workers: 8
[2023-09-12T15:50:03.990+0800][gc,init] Periodic GC: Disabled
[2023-09-12T15:50:03.990+0800][gc,metaspace] CDS archive(s) not mapped
[2023-09-12T15:50:03.990+0800][gc,metaspace] Compressed class space mapped at: 0x0000000800000000-0x0000000840000000, reserved size: 1073741824
[2023-09-12T15:50:03.990+0800][gc,metaspace] Narrow klass base: 0x0000000800000000, Narrow klass shift: 0, Narrow klass range: 0x40000000
[2023-09-12T15:50:04.502+0800][gc,start    ] GC(0) Pause Young (Concurrent Start) (Metadata GC Threshold)
[2023-09-12T15:50:04.502+0800][gc,task     ] GC(0) Using 8 workers of 8 for evacuation
[2023-09-12T15:50:04.506+0800][gc,phases   ] GC(0)   Pre Evacuate Collection Set: 0.1ms
[2023-09-12T15:50:04.506+0800][gc,phases   ] GC(0)   Merge Heap Roots: 0.1ms
[2023-09-12T15:50:04.506+0800][gc,phases   ] GC(0)   Evacuate Collection Set: 3.0ms
[2023-09-12T15:50:04.506+0800][gc,phases   ] GC(0)   Post Evacuate Collection Set: 0.4ms
[2023-09-12T15:50:04.506+0800][gc,phases   ] GC(0)   Other: 0.3ms
[2023-09-12T15:50:04.506+0800][gc,heap     ] GC(0) Eden regions: 197->0(249)
[2023-09-12T15:50:04.506+0800][gc,heap     ] GC(0) Survivor regions: 0->7(32)
[2023-09-12T15:50:04.506+0800][gc,heap     ] GC(0) Old regions: 0->0
[2023-09-12T15:50:04.506+0800][gc,heap     ] GC(0) Archive regions: 0->0
[2023-09-12T15:50:04.506+0800][gc,heap     ] GC(0) Humongous regions: 0->0
[2023-09-12T15:50:04.506+0800][gc,metaspace] GC(0) Metaspace: 21342K(21504K)->21342K(21504K) NonClass: 19004K(19072K)->19004K(19072K) Class: 2338K(2432K)->2338K(2432K)
[2023-09-12T15:50:04.506+0800][gc          ] GC(0) Pause Young (Concurrent Start) (Metadata GC Threshold) 197M->6M(512M) 3.968ms
[2023-09-12T15:50:04.506+0800][gc,cpu      ] GC(0) User=0.02s Sys=0.00s Real=0.00s
[2023-09-12T15:50:04.506+0800][gc          ] GC(1) Concurrent Mark Cycle
[2023-09-12T15:50:04.506+0800][gc,marking  ] GC(1) Concurrent Clear Claimed Marks
[2023-09-12T15:50:04.506+0800][gc,marking  ] GC(1) Concurrent Clear Claimed Marks 0.029ms
[2023-09-12T15:50:04.506+0800][gc,marking  ] GC(1) Concurrent Scan Root Regions
[2023-09-12T15:50:04.510+0800][gc,marking  ] GC(1) Concurrent Scan Root Regions 3.946ms
[2023-09-12T15:50:04.510+0800][gc,marking  ] GC(1) Concurrent Mark
[2023-09-12T15:50:04.510+0800][gc,marking  ] GC(1) Concurrent Mark From Roots
[2023-09-12T15:50:04.510+0800][gc,task     ] GC(1) Using 2 workers of 2 for marking
[2023-09-12T15:50:04.510+0800][gc,marking  ] GC(1) Concurrent Mark From Roots 0.111ms
[2023-09-12T15:50:04.510+0800][gc,marking  ] GC(1) Concurrent Preclean
[2023-09-12T15:50:04.510+0800][gc,marking  ] GC(1) Concurrent Preclean 0.017ms
[2023-09-12T15:50:04.510+0800][gc,start    ] GC(1) Pause Remark
[2023-09-12T15:50:04.511+0800][gc          ] GC(1) Pause Remark 8M->8M(512M) 0.757ms
[2023-09-12T15:50:04.511+0800][gc,cpu      ] GC(1) User=0.01s Sys=0.01s Real=0.00s
[2023-09-12T15:50:04.511+0800][gc,marking  ] GC(1) Concurrent Mark 1.087ms
[2023-09-12T15:50:04.511+0800][gc,marking  ] GC(1) Concurrent Rebuild Remembered Sets
[2023-09-12T15:50:04.511+0800][gc,marking  ] GC(1) Concurrent Rebuild Remembered Sets 0.017ms
[2023-09-12T15:50:04.511+0800][gc,start    ] GC(1) Pause Cleanup
[2023-09-12T15:50:04.511+0800][gc          ] GC(1) Pause Cleanup 8M->8M(512M) 0.021ms
[2023-09-12T15:50:04.511+0800][gc,cpu      ] GC(1) User=0.00s Sys=0.00s Real=0.00s
[2023-09-12T15:50:04.512+0800][gc,marking  ] GC(1) Concurrent Cleanup for Next Mark
[2023-09-12T15:50:04.520+0800][gc,marking  ] GC(1) Concurrent Cleanup for Next Mark 7.550ms
[2023-09-12T15:50:04.520+0800][gc          ] GC(1) Concurrent Mark Cycle 14.093ms
[2023-09-12T15:50:05.112+0800][gc,start    ] GC(2) Pause Young (Normal) (G1 Evacuation Pause)
[2023-09-12T15:50:05.112+0800][gc,task     ] GC(2) Using 8 workers of 8 for evacuation
[2023-09-12T15:50:05.117+0800][gc,phases   ] GC(2)   Pre Evacuate Collection Set: 0.1ms
[2023-09-12T15:50:05.117+0800][gc,phases   ] GC(2)   Merge Heap Roots: 0.1ms
[2023-09-12T15:50:05.117+0800][gc,phases   ] GC(2)   Evacuate Collection Set: 3.4ms
[2023-09-12T15:50:05.117+0800][gc,phases   ] GC(2)   Post Evacuate Collection Set: 0.5ms
[2023-09-12T15:50:05.117+0800][gc,phases   ] GC(2)   Other: 0.1ms
[2023-09-12T15:50:05.117+0800][gc,heap     ] GC(2) Eden regions: 249->0(245)
[2023-09-12T15:50:05.117+0800][gc,heap     ] GC(2) Survivor regions: 7->11(32)
[2023-09-12T15:50:05.117+0800][gc,heap     ] GC(2) Old regions: 0->0
[2023-09-12T15:50:05.117+0800][gc,heap     ] GC(2) Archive regions: 0->0
[2023-09-12T15:50:05.117+0800][gc,heap     ] GC(2) Humongous regions: 0->0
[2023-09-12T15:50:05.117+0800][gc,metaspace] GC(2) Metaspace: 30596K(30848K)->30596K(30848K) NonClass: 27140K(27264K)->27140K(27264K) Class: 3455K(3584K)->3455K(3584K)
[2023-09-12T15:50:05.117+0800][gc          ] GC(2) Pause Young (Normal) (G1 Evacuation Pause) 255M->10M(512M) 4.385ms
[2023-09-12T15:50:05.117+0800][gc,cpu      ] GC(2) User=0.02s Sys=0.01s Real=0.00s
[2023-09-12T15:50:05.409+0800][gc,start    ] GC(3) Pause Young (Normal) (G1 Evacuation Pause)
[2023-09-12T15:50:05.409+0800][gc,task     ] GC(3) Using 8 workers of 8 for evacuation
[2023-09-12T15:50:05.414+0800][gc,phases   ] GC(3)   Pre Evacuate Collection Set: 0.1ms
[2023-09-12T15:50:05.414+0800][gc,phases   ] GC(3)   Merge Heap Roots: 0.0ms
[2023-09-12T15:50:05.414+0800][gc,phases   ] GC(3)   Evacuate Collection Set: 3.9ms
[2023-09-12T15:50:05.414+0800][gc,phases   ] GC(3)   Post Evacuate Collection Set: 0.4ms
[2023-09-12T15:50:05.414+0800][gc,phases   ] GC(3)   Other: 0.1ms
[2023-09-12T15:50:05.414+0800][gc,heap     ] GC(3) Eden regions: 245->0(242)
[2023-09-12T15:50:05.414+0800][gc,heap     ] GC(3) Survivor regions: 11->14(32)
[2023-09-12T15:50:05.414+0800][gc,heap     ] GC(3) Old regions: 0->0
[2023-09-12T15:50:05.414+0800][gc,heap     ] GC(3) Archive regions: 0->0
[2023-09-12T15:50:05.414+0800][gc,heap     ] GC(3) Humongous regions: 0->0
[2023-09-12T15:50:05.414+0800][gc,metaspace] GC(3) Metaspace: 32773K(33088K)->32773K(33088K) NonClass: 29069K(29184K)->29069K(29184K) Class: 3704K(3904K)->3704K(3904K)
[2023-09-12T15:50:05.414+0800][gc          ] GC(3) Pause Young (Normal) (G1 Evacuation Pause) 255M->13M(512M) 4.562ms
[2023-09-12T15:50:05.414+0800][gc,cpu      ] GC(3) User=0.03s Sys=0.00s Real=0.01s
[2023-09-12T15:50:05.689+0800][gc,start    ] GC(4) Pause Young (Concurrent Start) (Metadata GC Threshold)
[2023-09-12T15:50:05.689+0800][gc,task     ] GC(4) Using 8 workers of 8 for evacuation
[2023-09-12T15:50:05.696+0800][gc,phases   ] GC(4)   Pre Evacuate Collection Set: 0.1ms
[2023-09-12T15:50:05.696+0800][gc,phases   ] GC(4)   Merge Heap Roots: 0.0ms
[2023-09-12T15:50:05.696+0800][gc,phases   ] GC(4)   Evacuate Collection Set: 5.6ms
[2023-09-12T15:50:05.696+0800][gc,phases   ] GC(4)   Post Evacuate Collection Set: 0.6ms
[2023-09-12T15:50:05.696+0800][gc,phases   ] GC(4)   Other: 0.1ms
[2023-09-12T15:50:05.696+0800][gc,heap     ] GC(4) Eden regions: 146->0(239)
[2023-09-12T15:50:05.696+0800][gc,heap     ] GC(4) Survivor regions: 14->17(32)
[2023-09-12T15:50:05.696+0800][gc,heap     ] GC(4) Old regions: 0->0
[2023-09-12T15:50:05.696+0800][gc,heap     ] GC(4) Archive regions: 0->0
[2023-09-12T15:50:05.696+0800][gc,heap     ] GC(4) Humongous regions: 0->0
[2023-09-12T15:50:05.696+0800][gc,metaspace] GC(4) Metaspace: 35857K(36160K)->35857K(36160K) NonClass: 31697K(31808K)->31697K(31808K) Class: 4160K(4352K)->4160K(4352K)
[2023-09-12T15:50:05.696+0800][gc          ] GC(4) Pause Young (Concurrent Start) (Metadata GC Threshold) 159M->16M(512M) 6.477ms
[2023-09-12T15:50:05.696+0800][gc,cpu      ] GC(4) User=0.04s Sys=0.00s Real=0.01s
[2023-09-12T15:50:05.696+0800][gc          ] GC(5) Concurrent Mark Cycle
[2023-09-12T15:50:05.696+0800][gc,marking  ] GC(5) Concurrent Clear Claimed Marks
[2023-09-12T15:50:05.696+0800][gc,marking  ] GC(5) Concurrent Clear Claimed Marks 0.021ms
[2023-09-12T15:50:05.696+0800][gc,marking  ] GC(5) Concurrent Scan Root Regions
[2023-09-12T15:50:05.699+0800][gc,marking  ] GC(5) Concurrent Scan Root Regions 3.231ms
[2023-09-12T15:50:05.699+0800][gc,marking  ] GC(5) Concurrent Mark
[2023-09-12T15:50:05.699+0800][gc,marking  ] GC(5) Concurrent Mark From Roots
[2023-09-12T15:50:05.699+0800][gc,task     ] GC(5) Using 2 workers of 2 for marking
[2023-09-12T15:50:05.699+0800][gc,marking  ] GC(5) Concurrent Mark From Roots 0.052ms
[2023-09-12T15:50:05.699+0800][gc,marking  ] GC(5) Concurrent Preclean
[2023-09-12T15:50:05.699+0800][gc,marking  ] GC(5) Concurrent Preclean 0.012ms
[2023-09-12T15:50:05.699+0800][gc,start    ] GC(5) Pause Remark
[2023-09-12T15:50:05.701+0800][gc          ] GC(5) Pause Remark 18M->18M(512M) 1.223ms
[2023-09-12T15:50:05.701+0800][gc,cpu      ] GC(5) User=0.00s Sys=0.00s Real=0.01s
[2023-09-12T15:50:05.701+0800][gc,marking  ] GC(5) Concurrent Mark 1.464ms
[2023-09-12T15:50:05.701+0800][gc,marking  ] GC(5) Concurrent Rebuild Remembered Sets
[2023-09-12T15:50:05.701+0800][gc,marking  ] GC(5) Concurrent Rebuild Remembered Sets 0.005ms
[2023-09-12T15:50:05.701+0800][gc,start    ] GC(5) Pause Cleanup
[2023-09-12T15:50:05.701+0800][gc          ] GC(5) Pause Cleanup 18M->18M(512M) 0.007ms
[2023-09-12T15:50:05.701+0800][gc,cpu      ] GC(5) User=0.00s Sys=0.00s Real=0.00s
[2023-09-12T15:50:05.701+0800][gc,marking  ] GC(5) Concurrent Cleanup for Next Mark
[2023-09-12T15:50:05.702+0800][gc,marking  ] GC(5) Concurrent Cleanup for Next Mark 0.664ms
[2023-09-12T15:50:05.702+0800][gc          ] GC(5) Concurrent Mark Cycle 5.604ms
[2023-09-12T15:50:06.387+0800][gc,start    ] GC(6) Pause Young (Normal) (G1 Evacuation Pause)
[2023-09-12T15:50:06.387+0800][gc,task     ] GC(6) Using 8 workers of 8 for evacuation
[2023-09-12T15:50:06.396+0800][gc,phases   ] GC(6)   Pre Evacuate Collection Set: 0.0ms
[2023-09-12T15:50:06.396+0800][gc,phases   ] GC(6)   Merge Heap Roots: 0.0ms
[2023-09-12T15:50:06.396+0800][gc,phases   ] GC(6)   Evacuate Collection Set: 7.5ms
[2023-09-12T15:50:06.396+0800][gc,phases   ] GC(6)   Post Evacuate Collection Set: 0.9ms
[2023-09-12T15:50:06.396+0800][gc,phases   ] GC(6)   Other: 0.1ms
[2023-09-12T15:50:06.396+0800][gc,heap     ] GC(6) Eden regions: 239->0(234)
[2023-09-12T15:50:06.396+0800][gc,heap     ] GC(6) Survivor regions: 17->22(32)
[2023-09-12T15:50:06.396+0800][gc,heap     ] GC(6) Old regions: 0->0
[2023-09-12T15:50:06.396+0800][gc,heap     ] GC(6) Archive regions: 0->0
[2023-09-12T15:50:06.396+0800][gc,heap     ] GC(6) Humongous regions: 0->0
[2023-09-12T15:50:06.396+0800][gc,metaspace] GC(6) Metaspace: 45022K(45376K)->45022K(45376K) NonClass: 39794K(40000K)->39794K(40000K) Class: 5227K(5376K)->5227K(5376K)
[2023-09-12T15:50:06.396+0800][gc          ] GC(6) Pause Young (Normal) (G1 Evacuation Pause) 255M->22M(512M) 8.591ms
[2023-09-12T15:50:06.396+0800][gc,cpu      ] GC(6) User=0.05s Sys=0.00s Real=0.01s
[2023-09-12T15:50:23.815+0800][gc,heap,exit] Heap
[2023-09-12T15:50:23.815+0800][gc,heap,exit]  garbage-first heap   total 524288K, used 104448K [0x00000007e0000000, 0x0000000800000000)
[2023-09-12T15:50:23.815+0800][gc,heap,exit]   region size 1024K, 102 young (104448K), 22 survivors (22528K)
[2023-09-12T15:50:23.815+0800][gc,heap,exit]  Metaspace       used 49156K, committed 49536K, reserved 1114112K
[2023-09-12T15:50:23.815+0800][gc,heap,exit]   class space    used 5758K, committed 5952K, reserved 1048576K
